Archive member included to satisfy reference by file (symbol)

c:/altera/16.0/nios2eds/bin/gnu/h-x86_64-mingw32/bin/../lib/gcc/nios2-elf/5.2.0/../../../../../H-x86_64-mingw32/nios2-elf/lib\libsmallc.a(lib_a-printf.o)
                              obj/default/main.o (printf)
c:/altera/16.0/nios2eds/bin/gnu/h-x86_64-mingw32/bin/../lib/gcc/nios2-elf/5.2.0/../../../../../H-x86_64-mingw32/nios2-elf/lib\libsmallc.a(lib_a-puts.o)
                              obj/default/main.o (puts)
c:/altera/16.0/nios2eds/bin/gnu/h-x86_64-mingw32/bin/../lib/gcc/nios2-elf/5.2.0/../../../../../H-x86_64-mingw32/nios2-elf/lib\libsmallc.a(lib_a-strlen.o)
                              c:/altera/16.0/nios2eds/bin/gnu/h-x86_64-mingw32/bin/../lib/gcc/nios2-elf/5.2.0/../../../../../H-x86_64-mingw32/nios2-elf/lib\libsmallc.a(lib_a-puts.o) (strlen)
c:/altera/16.0/nios2eds/bin/gnu/h-x86_64-mingw32/bin/../lib/gcc/nios2-elf/5.2.0/../../../../../H-x86_64-mingw32/nios2-elf/lib\libsmallc.a(lib_a-vfprintf.o)
                              c:/altera/16.0/nios2eds/bin/gnu/h-x86_64-mingw32/bin/../lib/gcc/nios2-elf/5.2.0/../../../../../H-x86_64-mingw32/nios2-elf/lib\libsmallc.a(lib_a-printf.o) (___vfprintf_internal_r)
c:/altera/16.0/nios2eds/bin/gnu/h-x86_64-mingw32/bin/../lib/gcc/nios2-elf/5.2.0/../../../../../H-x86_64-mingw32/nios2-elf/lib\libsmallc.a(lib_a-fvwrite_small_dev.o)
                              c:/altera/16.0/nios2eds/bin/gnu/h-x86_64-mingw32/bin/../lib/gcc/nios2-elf/5.2.0/../../../../../H-x86_64-mingw32/nios2-elf/lib\libsmallc.a(lib_a-printf.o) (__sfvwrite_small_dev)
c:/altera/16.0/nios2eds/bin/gnu/h-x86_64-mingw32/bin/../lib/gcc/nios2-elf/5.2.0/../../../../../H-x86_64-mingw32/nios2-elf/lib\libsmallc.a(lib_a-impure.o)
                              c:/altera/16.0/nios2eds/bin/gnu/h-x86_64-mingw32/bin/../lib/gcc/nios2-elf/5.2.0/../../../../../H-x86_64-mingw32/nios2-elf/lib\libsmallc.a(lib_a-printf.o) (_impure_ptr)
c:/altera/16.0/nios2eds/bin/gnu/h-x86_64-mingw32/bin/../lib/gcc/nios2-elf/5.2.0/../../../../../H-x86_64-mingw32/nios2-elf/lib\libsmallc.a(lib_a-writer.o)
                              c:/altera/16.0/nios2eds/bin/gnu/h-x86_64-mingw32/bin/../lib/gcc/nios2-elf/5.2.0/../../../../../H-x86_64-mingw32/nios2-elf/lib\libsmallc.a(lib_a-fvwrite_small_dev.o) (_write_r)
c:/altera/16.0/nios2eds/bin/gnu/h-x86_64-mingw32/bin/../lib/gcc/nios2-elf/5.2.0/../../../../../H-x86_64-mingw32/nios2-elf/lib\libsmallc.a(lib_a-int_errno.o)
                              c:/altera/16.0/nios2eds/bin/gnu/h-x86_64-mingw32/bin/../lib/gcc/nios2-elf/5.2.0/../../../../../H-x86_64-mingw32/nios2-elf/lib\libsmallc.a(lib_a-writer.o) (errno)
c:/altera/16.0/nios2eds/bin/gnu/h-x86_64-mingw32/bin/../lib/gcc/nios2-elf/5.2.0\libgcc.a(lib2-divmod.o)
                              c:/altera/16.0/nios2eds/bin/gnu/h-x86_64-mingw32/bin/../lib/gcc/nios2-elf/5.2.0/../../../../../H-x86_64-mingw32/nios2-elf/lib\libsmallc.a(lib_a-vfprintf.o) (__udivsi3)
../ADCtest_bsp/\libhal_bsp.a(alt_irq_entry.o)
                              obj/default/main.o (alt_irq_entry)
../ADCtest_bsp/\libhal_bsp.a(alt_irq_handler.o)
                              obj/default/main.o (alt_irq)
../ADCtest_bsp/\libhal_bsp.a(alt_irq_vars.o)
                              obj/default/main.o (alt_irq_active)
../ADCtest_bsp/\libhal_bsp.a(alt_load.o)
                              ../ADCtest_bsp//obj/HAL/src/crt0.o (alt_load)
../ADCtest_bsp/\libhal_bsp.a(alt_main.o)
                              ../ADCtest_bsp//obj/HAL/src/crt0.o (alt_main)
../ADCtest_bsp/\libhal_bsp.a(alt_write.o)
                              c:/altera/16.0/nios2eds/bin/gnu/h-x86_64-mingw32/bin/../lib/gcc/nios2-elf/5.2.0/../../../../../H-x86_64-mingw32/nios2-elf/lib\libsmallc.a(lib_a-writer.o) (write)
../ADCtest_bsp/\libhal_bsp.a(alt_sys_init.o)
                              ../ADCtest_bsp/\libhal_bsp.a(alt_main.o) (alt_irq_init)
../ADCtest_bsp/\libhal_bsp.a(altera_avalon_jtag_uart_fd.o)
                              ../ADCtest_bsp/\libhal_bsp.a(alt_sys_init.o) (altera_avalon_jtag_uart_read_fd)
../ADCtest_bsp/\libhal_bsp.a(altera_avalon_jtag_uart_init.o)
                              ../ADCtest_bsp/\libhal_bsp.a(alt_sys_init.o) (altera_avalon_jtag_uart_init)
../ADCtest_bsp/\libhal_bsp.a(altera_avalon_jtag_uart_ioctl.o)
                              ../ADCtest_bsp/\libhal_bsp.a(altera_avalon_jtag_uart_fd.o) (altera_avalon_jtag_uart_ioctl)
../ADCtest_bsp/\libhal_bsp.a(altera_avalon_jtag_uart_read.o)
                              ../ADCtest_bsp/\libhal_bsp.a(altera_avalon_jtag_uart_fd.o) (altera_avalon_jtag_uart_read)
../ADCtest_bsp/\libhal_bsp.a(altera_avalon_jtag_uart_write.o)
                              ../ADCtest_bsp/\libhal_bsp.a(altera_avalon_jtag_uart_fd.o) (altera_avalon_jtag_uart_write)
../ADCtest_bsp/\libhal_bsp.a(altera_up_avalon_adc.o)
                              obj/default/main.o (alt_up_adc_open_dev)
../ADCtest_bsp/\libhal_bsp.a(alt_alarm_start.o)
                              ../ADCtest_bsp/\libhal_bsp.a(altera_avalon_jtag_uart_init.o) (alt_alarm_start)
../ADCtest_bsp/\libhal_bsp.a(alt_close.o)
                              ../ADCtest_bsp/\libhal_bsp.a(alt_main.o) (close)
../ADCtest_bsp/\libhal_bsp.a(alt_dcache_flush_all.o)
                              ../ADCtest_bsp/\libhal_bsp.a(alt_load.o) (alt_dcache_flush_all)
../ADCtest_bsp/\libhal_bsp.a(alt_dev.o)
                              ../ADCtest_bsp/\libhal_bsp.a(alt_sys_init.o) (alt_dev_list)
../ADCtest_bsp/\libhal_bsp.a(alt_dev_llist_insert.o)
                              ../ADCtest_bsp/\libhal_bsp.a(alt_sys_init.o) (alt_dev_llist_insert)
../ADCtest_bsp/\libhal_bsp.a(alt_errno.o)
                              ../ADCtest_bsp/\libhal_bsp.a(alt_write.o) (alt_errno)
../ADCtest_bsp/\libhal_bsp.a(alt_exception_entry.o)
                              ../ADCtest_bsp/\libhal_bsp.a(alt_irq_entry.o) (alt_exception)
../ADCtest_bsp/\libhal_bsp.a(alt_find_dev.o)
                              ../ADCtest_bsp/\libhal_bsp.a(altera_up_avalon_adc.o) (alt_find_dev)
../ADCtest_bsp/\libhal_bsp.a(alt_icache_flush_all.o)
                              ../ADCtest_bsp/\libhal_bsp.a(alt_load.o) (alt_icache_flush_all)
../ADCtest_bsp/\libhal_bsp.a(alt_iic.o)
                              ../ADCtest_bsp/\libhal_bsp.a(altera_avalon_jtag_uart_init.o) (alt_ic_isr_register)
../ADCtest_bsp/\libhal_bsp.a(alt_iic_isr_register.o)
                              ../ADCtest_bsp/\libhal_bsp.a(alt_iic.o) (alt_iic_isr_register)
../ADCtest_bsp/\libhal_bsp.a(alt_instruction_exception_entry.o)
                              ../ADCtest_bsp/\libhal_bsp.a(alt_exception_entry.o) (alt_instruction_exception_entry)
../ADCtest_bsp/\libhal_bsp.a(alt_io_redirect.o)
                              ../ADCtest_bsp/\libhal_bsp.a(alt_main.o) (alt_io_redirect)
../ADCtest_bsp/\libhal_bsp.a(alt_open.o)
                              ../ADCtest_bsp/\libhal_bsp.a(alt_io_redirect.o) (open)
../ADCtest_bsp/\libhal_bsp.a(alt_release_fd.o)
                              ../ADCtest_bsp/\libhal_bsp.a(alt_close.o) (alt_release_fd)
../ADCtest_bsp/\libhal_bsp.a(alt_tick.o)
                              ../ADCtest_bsp/\libhal_bsp.a(altera_avalon_jtag_uart_init.o) (_alt_tick_rate)
../ADCtest_bsp/\libhal_bsp.a(altera_nios2_gen2_irq.o)
                              ../ADCtest_bsp/\libhal_bsp.a(alt_sys_init.o) (altera_nios2_gen2_irq_init)
../ADCtest_bsp/\libhal_bsp.a(alt_find_file.o)
                              ../ADCtest_bsp/\libhal_bsp.a(alt_open.o) (alt_find_file)
../ADCtest_bsp/\libhal_bsp.a(alt_get_fd.o)
                              ../ADCtest_bsp/\libhal_bsp.a(alt_open.o) (alt_get_fd)
../ADCtest_bsp/\libhal_bsp.a(alt_icache_flush.o)
                              ../ADCtest_bsp/\libhal_bsp.a(alt_icache_flush_all.o) (alt_icache_flush)
c:/altera/16.0/nios2eds/bin/gnu/h-x86_64-mingw32/bin/../lib/gcc/nios2-elf/5.2.0/../../../../../H-x86_64-mingw32/nios2-elf/lib\libsmallc.a(lib_a-exit.o)
                              ../ADCtest_bsp/\libhal_bsp.a(alt_main.o) (exit)
c:/altera/16.0/nios2eds/bin/gnu/h-x86_64-mingw32/bin/../lib/gcc/nios2-elf/5.2.0/../../../../../H-x86_64-mingw32/nios2-elf/lib\libsmallc.a(lib_a-memcmp.o)
                              ../ADCtest_bsp/\libhal_bsp.a(alt_find_dev.o) (memcmp)
c:/altera/16.0/nios2eds/bin/gnu/h-x86_64-mingw32/bin/../lib/gcc/nios2-elf/5.2.0/../../../../../H-x86_64-mingw32/nios2-elf/lib\libsmallc.a(lib_a-memcpy.o)
                              ../ADCtest_bsp/\libhal_bsp.a(altera_avalon_jtag_uart_read.o) (memcpy)
c:/altera/16.0/nios2eds/bin/gnu/h-x86_64-mingw32/bin/../lib/gcc/nios2-elf/5.2.0/../../../../../H-x86_64-mingw32/nios2-elf/lib\libsmallc.a(lib_a-__call_atexit.o)
                              c:/altera/16.0/nios2eds/bin/gnu/h-x86_64-mingw32/bin/../lib/gcc/nios2-elf/5.2.0/../../../../../H-x86_64-mingw32/nios2-elf/lib\libsmallc.a(lib_a-exit.o) (__call_exitprocs)
../ADCtest_bsp/\libhal_bsp.a(alt_exit.o)
                              c:/altera/16.0/nios2eds/bin/gnu/h-x86_64-mingw32/bin/../lib/gcc/nios2-elf/5.2.0/../../../../../H-x86_64-mingw32/nios2-elf/lib\libsmallc.a(lib_a-exit.o) (_exit)

Allocating common symbols
Common symbol       size              file

alt_irq             0x100             ../ADCtest_bsp/\libhal_bsp.a(alt_irq_handler.o)
errno               0x4               c:/altera/16.0/nios2eds/bin/gnu/h-x86_64-mingw32/bin/../lib/gcc/nios2-elf/5.2.0/../../../../../H-x86_64-mingw32/nios2-elf/lib\libsmallc.a(lib_a-int_errno.o)

Memory Configuration

Name             Origin             Length             Attributes
reset            0x0000000000080000 0x0000000000000020
onchip_memory2_0 0x0000000000080020 0x000000000004e1e0
*default*        0x0000000000000000 0xffffffffffffffff

Linker script and memory map

LOAD ../ADCtest_bsp//obj/HAL/src/crt0.o
LOAD obj/default/main.o
LOAD c:/altera/16.0/nios2eds/bin/gnu/h-x86_64-mingw32/bin/../lib/gcc/nios2-elf/5.2.0/../../../../../H-x86_64-mingw32/nios2-elf/lib\libstdc++.a
LOAD c:/altera/16.0/nios2eds/bin/gnu/h-x86_64-mingw32/bin/../lib/gcc/nios2-elf/5.2.0/../../../../../H-x86_64-mingw32/nios2-elf/lib\libm.a
LOAD c:/altera/16.0/nios2eds/bin/gnu/h-x86_64-mingw32/bin/../lib/gcc/nios2-elf/5.2.0\libgcc.a
START GROUP
LOAD c:/altera/16.0/nios2eds/bin/gnu/h-x86_64-mingw32/bin/../lib/gcc/nios2-elf/5.2.0/../../../../../H-x86_64-mingw32/nios2-elf/lib\libsmallc.a
LOAD c:/altera/16.0/nios2eds/bin/gnu/h-x86_64-mingw32/bin/../lib/gcc/nios2-elf/5.2.0\libgcc.a
LOAD ../ADCtest_bsp/\libhal_bsp.a
LOAD c:/altera/16.0/nios2eds/bin/gnu/h-x86_64-mingw32/bin/../lib/gcc/nios2-elf/5.2.0/../../../../../H-x86_64-mingw32/nios2-elf/lib\libm.a
END GROUP
LOAD c:/altera/16.0/nios2eds/bin/gnu/h-x86_64-mingw32/bin/../lib/gcc/nios2-elf/5.2.0\libgcc.a
                0x0000000000080000                __alt_mem_onchip_memory2_0 = 0x80000

.entry          0x0000000000080000       0x20
 *(.entry)
 .entry         0x0000000000080000       0x20 ../ADCtest_bsp//obj/HAL/src/crt0.o
                0x0000000000080000                __reset

.exceptions     0x0000000000080020      0x224
                0x0000000000080020                PROVIDE (__ram_exceptions_start, ABSOLUTE (.))
                0x0000000000080020                . = ALIGN (0x20)
 *(.irq)
 *(.exceptions.entry.label)
 .exceptions.entry.label
                0x0000000000080020        0x0 ../ADCtest_bsp/\libhal_bsp.a(alt_irq_entry.o)
                0x0000000000080020                alt_irq_entry
 .exceptions.entry.label
                0x0000000000080020        0x0 ../ADCtest_bsp/\libhal_bsp.a(alt_exception_entry.o)
                0x0000000000080020                alt_exception
 *(.exceptions.entry.user)
 *(.exceptions.entry.ecc_fatal)
 *(.exceptions.entry)
 .exceptions.entry
                0x0000000000080020       0x54 ../ADCtest_bsp/\libhal_bsp.a(alt_exception_entry.o)
 *(.exceptions.irqtest.user)
 *(.exceptions.irqtest)
 .exceptions.irqtest
                0x0000000000080074       0x10 ../ADCtest_bsp/\libhal_bsp.a(alt_irq_entry.o)
 *(.exceptions.irqhandler.user)
 *(.exceptions.irqhandler)
 .exceptions.irqhandler
                0x0000000000080084        0x4 ../ADCtest_bsp/\libhal_bsp.a(alt_irq_entry.o)
 *(.exceptions.irqreturn.user)
 *(.exceptions.irqreturn)
 .exceptions.irqreturn
                0x0000000000080088        0x4 ../ADCtest_bsp/\libhal_bsp.a(alt_irq_entry.o)
 *(.exceptions.notirq.label)
 .exceptions.notirq.label
                0x000000000008008c        0x0 ../ADCtest_bsp/\libhal_bsp.a(alt_irq_entry.o)
 *(.exceptions.notirq.user)
 *(.exceptions.notirq)
 .exceptions.notirq
                0x000000000008008c        0x8 ../ADCtest_bsp/\libhal_bsp.a(alt_exception_entry.o)
 *(.exceptions.soft.user)
 *(.exceptions.soft)
 *(.exceptions.unknown.user)
 *(.exceptions.unknown)
 .exceptions.unknown
                0x0000000000080094       0x14 ../ADCtest_bsp/\libhal_bsp.a(alt_exception_entry.o)
 *(.exceptions.exit.label)
 .exceptions.exit.label
                0x00000000000800a8        0x0 ../ADCtest_bsp/\libhal_bsp.a(alt_irq_entry.o)
 .exceptions.exit.label
                0x00000000000800a8        0x0 ../ADCtest_bsp/\libhal_bsp.a(alt_exception_entry.o)
 *(.exceptions.exit.user)
 *(.exceptions.exit)
 .exceptions.exit
                0x00000000000800a8       0x54 ../ADCtest_bsp/\libhal_bsp.a(alt_exception_entry.o)
 *(.exceptions)
 .exceptions    0x00000000000800fc       0xd4 ../ADCtest_bsp/\libhal_bsp.a(alt_irq_handler.o)
                0x00000000000800fc                alt_irq_handler
 .exceptions    0x00000000000801d0       0x74 ../ADCtest_bsp/\libhal_bsp.a(alt_instruction_exception_entry.o)
                0x00000000000801d0                alt_instruction_exception_entry
                0x0000000000080244                PROVIDE (__ram_exceptions_end, ABSOLUTE (.))
                0x0000000000080020                PROVIDE (__flash_exceptions_start, LOADADDR (.exceptions))

.text           0x0000000000080244     0x2eac
                [!provide]                        PROVIDE (stext, ABSOLUTE (.))
 *(.interp)
 *(.hash)
 *(.dynsym)
 *(.dynstr)
 *(.gnu.version)
 *(.gnu.version_d)
 *(.gnu.version_r)
 *(.rel.init)
 *(.rela.init)
 *(.rel.text .rel.text.* .rel.gnu.linkonce.t.*)
 *(.rela.text .rela.text.* .rela.gnu.linkonce.t.*)
 *(.rel.fini)
 *(.rela.fini)
 *(.rel.rodata .rel.rodata.* .rel.gnu.linkonce.r.*)
 *(.rela.rodata .rela.rodata.* .rela.gnu.linkonce.r.*)
 *(.rel.data .rel.data.* .rel.gnu.linkonce.d.*)
 *(.rela.data .rela.data.* .rela.gnu.linkonce.d.*)
 *(.rel.tdata .rel.tdata.* .rel.gnu.linkonce.td.*)
 *(.rela.tdata .rela.tdata.* .rela.gnu.linkonce.td.*)
 *(.rel.tbss .rel.tbss.* .rel.gnu.linkonce.tb.*)
 *(.rela.tbss .rela.tbss.* .rela.gnu.linkonce.tb.*)
 *(.rel.ctors)
 *(.rela.ctors)
 *(.rel.dtors)
 *(.rela.dtors)
 *(.rel.got)
 *(.rela.got)
 *(.rel.sdata .rel.sdata.* .rel.gnu.linkonce.s.*)
 *(.rela.sdata .rela.sdata.* .rela.gnu.linkonce.s.*)
 *(.rel.sbss .rel.sbss.* .rel.gnu.linkonce.sb.*)
 *(.rela.sbss .rela.sbss.* .rela.gnu.linkonce.sb.*)
 *(.rel.sdata2 .rel.sdata2.* .rel.gnu.linkonce.s2.*)
 *(.rela.sdata2 .rela.sdata2.* .rela.gnu.linkonce.s2.*)
 *(.rel.sbss2 .rel.sbss2.* .rel.gnu.linkonce.sb2.*)
 *(.rela.sbss2 .rela.sbss2.* .rela.gnu.linkonce.sb2.*)
 *(.rel.bss .rel.bss.* .rel.gnu.linkonce.b.*)
 *(.rela.bss .rela.bss.* .rela.gnu.linkonce.b.*)
 *(.rel.plt)
 *(.rela.plt)
 *(.rel.dyn)
 *(.init)
 *(.plt)
 *(.text .stub .text.* .gnu.linkonce.t.*)
 .text          0x0000000000080244       0x4c ../ADCtest_bsp//obj/HAL/src/crt0.o
                0x0000000000080244                _start
 .text          0x0000000000080290      0x314 obj/default/main.o
                0x0000000000080290                alt_irq_register
                0x0000000000080440                button_monitor_isr
                0x00000000000804a4                main
 .text          0x00000000000805a4        0x0 c:/altera/16.0/nios2eds/bin/gnu/h-x86_64-mingw32/bin/../lib/gcc/nios2-elf/5.2.0/../../../../../H-x86_64-mingw32/nios2-elf/lib\libsmallc.a(lib_a-printf.o)
 .text._printf_r
                0x00000000000805a4       0x3c c:/altera/16.0/nios2eds/bin/gnu/h-x86_64-mingw32/bin/../lib/gcc/nios2-elf/5.2.0/../../../../../H-x86_64-mingw32/nios2-elf/lib\libsmallc.a(lib_a-printf.o)
                0x00000000000805a4                _printf_r
 .text.printf   0x00000000000805e0       0x4c c:/altera/16.0/nios2eds/bin/gnu/h-x86_64-mingw32/bin/../lib/gcc/nios2-elf/5.2.0/../../../../../H-x86_64-mingw32/nios2-elf/lib\libsmallc.a(lib_a-printf.o)
                0x00000000000805e0                printf
 .text          0x000000000008062c        0x0 c:/altera/16.0/nios2eds/bin/gnu/h-x86_64-mingw32/bin/../lib/gcc/nios2-elf/5.2.0/../../../../../H-x86_64-mingw32/nios2-elf/lib\libsmallc.a(lib_a-puts.o)
 .text._puts_r  0x000000000008062c       0x80 c:/altera/16.0/nios2eds/bin/gnu/h-x86_64-mingw32/bin/../lib/gcc/nios2-elf/5.2.0/../../../../../H-x86_64-mingw32/nios2-elf/lib\libsmallc.a(lib_a-puts.o)
                0x000000000008062c                _puts_r
 .text.puts     0x00000000000806ac       0x14 c:/altera/16.0/nios2eds/bin/gnu/h-x86_64-mingw32/bin/../lib/gcc/nios2-elf/5.2.0/../../../../../H-x86_64-mingw32/nios2-elf/lib\libsmallc.a(lib_a-puts.o)
                0x00000000000806ac                puts
 .text          0x00000000000806c0        0x0 c:/altera/16.0/nios2eds/bin/gnu/h-x86_64-mingw32/bin/../lib/gcc/nios2-elf/5.2.0/../../../../../H-x86_64-mingw32/nios2-elf/lib\libsmallc.a(lib_a-strlen.o)
 .text.strlen   0x00000000000806c0       0x1c c:/altera/16.0/nios2eds/bin/gnu/h-x86_64-mingw32/bin/../lib/gcc/nios2-elf/5.2.0/../../../../../H-x86_64-mingw32/nios2-elf/lib\libsmallc.a(lib_a-strlen.o)
                0x00000000000806c0                strlen
 .text          0x00000000000806dc        0x0 c:/altera/16.0/nios2eds/bin/gnu/h-x86_64-mingw32/bin/../lib/gcc/nios2-elf/5.2.0/../../../../../H-x86_64-mingw32/nios2-elf/lib\libsmallc.a(lib_a-vfprintf.o)
 .text.print_repeat
                0x00000000000806dc       0x6c c:/altera/16.0/nios2eds/bin/gnu/h-x86_64-mingw32/bin/../lib/gcc/nios2-elf/5.2.0/../../../../../H-x86_64-mingw32/nios2-elf/lib\libsmallc.a(lib_a-vfprintf.o)
 .text.___vfprintf_internal_r
                0x0000000000080748      0x524 c:/altera/16.0/nios2eds/bin/gnu/h-x86_64-mingw32/bin/../lib/gcc/nios2-elf/5.2.0/../../../../../H-x86_64-mingw32/nios2-elf/lib\libsmallc.a(lib_a-vfprintf.o)
                0x0000000000080748                ___vfprintf_internal_r
 .text.__vfprintf_internal
                0x0000000000080c6c       0x1c c:/altera/16.0/nios2eds/bin/gnu/h-x86_64-mingw32/bin/../lib/gcc/nios2-elf/5.2.0/../../../../../H-x86_64-mingw32/nios2-elf/lib\libsmallc.a(lib_a-vfprintf.o)
                0x0000000000080c6c                __vfprintf_internal
 .text          0x0000000000080c88        0x0 c:/altera/16.0/nios2eds/bin/gnu/h-x86_64-mingw32/bin/../lib/gcc/nios2-elf/5.2.0/../../../../../H-x86_64-mingw32/nios2-elf/lib\libsmallc.a(lib_a-fvwrite_small_dev.o)
 .text.__sfvwrite_small_dev
                0x0000000000080c88       0xb8 c:/altera/16.0/nios2eds/bin/gnu/h-x86_64-mingw32/bin/../lib/gcc/nios2-elf/5.2.0/../../../../../H-x86_64-mingw32/nios2-elf/lib\libsmallc.a(lib_a-fvwrite_small_dev.o)
                0x0000000000080c88                __sfvwrite_small_dev
 .text          0x0000000000080d40        0x0 c:/altera/16.0/nios2eds/bin/gnu/h-x86_64-mingw32/bin/../lib/gcc/nios2-elf/5.2.0/../../../../../H-x86_64-mingw32/nios2-elf/lib\libsmallc.a(lib_a-impure.o)
 .text          0x0000000000080d40        0x0 c:/altera/16.0/nios2eds/bin/gnu/h-x86_64-mingw32/bin/../lib/gcc/nios2-elf/5.2.0/../../../../../H-x86_64-mingw32/nios2-elf/lib\libsmallc.a(lib_a-writer.o)
 .text._write_r
                0x0000000000080d40       0x58 c:/altera/16.0/nios2eds/bin/gnu/h-x86_64-mingw32/bin/../lib/gcc/nios2-elf/5.2.0/../../../../../H-x86_64-mingw32/nios2-elf/lib\libsmallc.a(lib_a-writer.o)
                0x0000000000080d40                _write_r
 .text          0x0000000000080d98        0x0 c:/altera/16.0/nios2eds/bin/gnu/h-x86_64-mingw32/bin/../lib/gcc/nios2-elf/5.2.0/../../../../../H-x86_64-mingw32/nios2-elf/lib\libsmallc.a(lib_a-int_errno.o)
 .text          0x0000000000080d98      0x1b4 c:/altera/16.0/nios2eds/bin/gnu/h-x86_64-mingw32/bin/../lib/gcc/nios2-elf/5.2.0\libgcc.a(lib2-divmod.o)
                0x0000000000080d98                __divsi3
                0x0000000000080e1c                __modsi3
                0x0000000000080e90                __udivsi3
                0x0000000000080ef4                __umodsi3
 .text          0x0000000000080f4c        0x0 ../ADCtest_bsp/\libhal_bsp.a(alt_irq_entry.o)
 .text          0x0000000000080f4c        0x0 ../ADCtest_bsp/\libhal_bsp.a(alt_irq_handler.o)
 .text          0x0000000000080f4c        0x0 ../ADCtest_bsp/\libhal_bsp.a(alt_irq_vars.o)
 .text          0x0000000000080f4c       0xec ../ADCtest_bsp/\libhal_bsp.a(alt_load.o)
                0x0000000000080fb4                alt_load
 .text          0x0000000000081038       0x6c ../ADCtest_bsp/\libhal_bsp.a(alt_main.o)
                0x0000000000081038                alt_main
 .text          0x00000000000810a4      0x148 ../ADCtest_bsp/\libhal_bsp.a(alt_write.o)
                0x00000000000810f4                write
 .text          0x00000000000811ec       0xc8 ../ADCtest_bsp/\libhal_bsp.a(alt_sys_init.o)
                0x0000000000081224                alt_irq_init
                0x000000000008125c                alt_sys_init
 .text          0x00000000000812b4      0x164 ../ADCtest_bsp/\libhal_bsp.a(altera_avalon_jtag_uart_fd.o)
                0x00000000000812b4                altera_avalon_jtag_uart_read_fd
                0x0000000000081314                altera_avalon_jtag_uart_write_fd
                0x0000000000081374                altera_avalon_jtag_uart_close_fd
                0x00000000000813c4                altera_avalon_jtag_uart_ioctl_fd
 .text          0x0000000000081418      0x3e4 ../ADCtest_bsp/\libhal_bsp.a(altera_avalon_jtag_uart_init.o)
                0x0000000000081418                altera_avalon_jtag_uart_init
                0x0000000000081794                altera_avalon_jtag_uart_close
 .text          0x00000000000817fc       0xf0 ../ADCtest_bsp/\libhal_bsp.a(altera_avalon_jtag_uart_ioctl.o)
                0x00000000000817fc                altera_avalon_jtag_uart_ioctl
 .text          0x00000000000818ec      0x21c ../ADCtest_bsp/\libhal_bsp.a(altera_avalon_jtag_uart_read.o)
                0x00000000000818ec                altera_avalon_jtag_uart_read
 .text          0x0000000000081b08      0x224 ../ADCtest_bsp/\libhal_bsp.a(altera_avalon_jtag_uart_write.o)
                0x0000000000081b08                altera_avalon_jtag_uart_write
 .text          0x0000000000081d2c      0x158 ../ADCtest_bsp/\libhal_bsp.a(altera_up_avalon_adc.o)
                0x0000000000081d2c                alt_up_adc_open_dev
                0x0000000000081d6c                alt_up_adc_read
 .text          0x0000000000081e84      0x140 ../ADCtest_bsp/\libhal_bsp.a(alt_alarm_start.o)
                0x0000000000081e84                alt_alarm_start
 .text          0x0000000000081fc4      0x120 ../ADCtest_bsp/\libhal_bsp.a(alt_close.o)
                0x0000000000082014                close
 .text          0x00000000000820e4       0x48 ../ADCtest_bsp/\libhal_bsp.a(alt_dcache_flush_all.o)
                0x00000000000820e4                alt_dcache_flush_all
 .text          0x000000000008212c       0x2c ../ADCtest_bsp/\libhal_bsp.a(alt_dev.o)
 .text          0x0000000000082158       0xf4 ../ADCtest_bsp/\libhal_bsp.a(alt_dev_llist_insert.o)
                0x00000000000821a8                alt_dev_llist_insert
 .text          0x000000000008224c        0x0 ../ADCtest_bsp/\libhal_bsp.a(alt_errno.o)
 .text          0x000000000008224c        0x0 ../ADCtest_bsp/\libhal_bsp.a(alt_exception_entry.o)
 .text          0x000000000008224c       0x90 ../ADCtest_bsp/\libhal_bsp.a(alt_find_dev.o)
                0x000000000008224c                alt_find_dev
 .text          0x00000000000822dc       0x34 ../ADCtest_bsp/\libhal_bsp.a(alt_icache_flush_all.o)
                0x00000000000822dc                alt_icache_flush_all
 .text          0x0000000000082310      0x1e0 ../ADCtest_bsp/\libhal_bsp.a(alt_iic.o)
                0x0000000000082310                alt_ic_isr_register
                0x0000000000082360                alt_ic_irq_enable
                0x0000000000082400                alt_ic_irq_disable
                0x00000000000824a4                alt_ic_irq_enabled
 .text          0x00000000000824f0       0xf0 ../ADCtest_bsp/\libhal_bsp.a(alt_iic_isr_register.o)
                0x00000000000824f0                alt_iic_isr_register
 .text          0x00000000000825e0       0x9c ../ADCtest_bsp/\libhal_bsp.a(alt_instruction_exception_entry.o)
                0x00000000000825e0                alt_exception_cause_generated_bad_addr
 .text          0x000000000008267c      0x140 ../ADCtest_bsp/\libhal_bsp.a(alt_io_redirect.o)
                0x0000000000082740                alt_io_redirect
 .text          0x00000000000827bc      0x274 ../ADCtest_bsp/\libhal_bsp.a(alt_open.o)
                0x00000000000828d8                open
 .text          0x0000000000082a30       0x64 ../ADCtest_bsp/\libhal_bsp.a(alt_release_fd.o)
                0x0000000000082a30                alt_release_fd
 .text          0x0000000000082a94      0x1a4 ../ADCtest_bsp/\libhal_bsp.a(alt_tick.o)
                0x0000000000082a94                alt_alarm_stop
                0x0000000000082b30                alt_tick
 .text          0x0000000000082c38       0x24 ../ADCtest_bsp/\libhal_bsp.a(altera_nios2_gen2_irq.o)
                0x0000000000082c38                altera_nios2_gen2_irq_init
 .text          0x0000000000082c5c      0x114 ../ADCtest_bsp/\libhal_bsp.a(alt_find_file.o)
                0x0000000000082c5c                alt_find_file
 .text          0x0000000000082d70       0xb4 ../ADCtest_bsp/\libhal_bsp.a(alt_get_fd.o)
                0x0000000000082d70                alt_get_fd
 .text          0x0000000000082e24       0x90 ../ADCtest_bsp/\libhal_bsp.a(alt_icache_flush.o)
                0x0000000000082e24                alt_icache_flush
 .text          0x0000000000082eb4        0x0 c:/altera/16.0/nios2eds/bin/gnu/h-x86_64-mingw32/bin/../lib/gcc/nios2-elf/5.2.0/../../../../../H-x86_64-mingw32/nios2-elf/lib\libsmallc.a(lib_a-exit.o)
 .text.exit     0x0000000000082eb4       0x20 c:/altera/16.0/nios2eds/bin/gnu/h-x86_64-mingw32/bin/../lib/gcc/nios2-elf/5.2.0/../../../../../H-x86_64-mingw32/nios2-elf/lib\libsmallc.a(lib_a-exit.o)
                0x0000000000082eb4                exit
 .text          0x0000000000082ed4        0x0 c:/altera/16.0/nios2eds/bin/gnu/h-x86_64-mingw32/bin/../lib/gcc/nios2-elf/5.2.0/../../../../../H-x86_64-mingw32/nios2-elf/lib\libsmallc.a(lib_a-memcmp.o)
 .text.memcmp   0x0000000000082ed4       0x30 c:/altera/16.0/nios2eds/bin/gnu/h-x86_64-mingw32/bin/../lib/gcc/nios2-elf/5.2.0/../../../../../H-x86_64-mingw32/nios2-elf/lib\libsmallc.a(lib_a-memcmp.o)
                0x0000000000082ed4                memcmp
 .text          0x0000000000082f04        0x0 c:/altera/16.0/nios2eds/bin/gnu/h-x86_64-mingw32/bin/../lib/gcc/nios2-elf/5.2.0/../../../../../H-x86_64-mingw32/nios2-elf/lib\libsmallc.a(lib_a-memcpy.o)
 .text.memcpy   0x0000000000082f04       0x28 c:/altera/16.0/nios2eds/bin/gnu/h-x86_64-mingw32/bin/../lib/gcc/nios2-elf/5.2.0/../../../../../H-x86_64-mingw32/nios2-elf/lib\libsmallc.a(lib_a-memcpy.o)
                0x0000000000082f04                memcpy
 .text          0x0000000000082f2c        0x0 c:/altera/16.0/nios2eds/bin/gnu/h-x86_64-mingw32/bin/../lib/gcc/nios2-elf/5.2.0/../../../../../H-x86_64-mingw32/nios2-elf/lib\libsmallc.a(lib_a-__call_atexit.o)
 .text.__call_exitprocs
                0x0000000000082f2c      0x190 c:/altera/16.0/nios2eds/bin/gnu/h-x86_64-mingw32/bin/../lib/gcc/nios2-elf/5.2.0/../../../../../H-x86_64-mingw32/nios2-elf/lib\libsmallc.a(lib_a-__call_atexit.o)
                0x0000000000082f2c                __call_exitprocs
 .text          0x00000000000830bc       0x34 ../ADCtest_bsp/\libhal_bsp.a(alt_exit.o)
                0x00000000000830bc                _exit
 *(.gnu.warning.*)
 *(.fini)
                [!provide]                        PROVIDE (__etext, ABSOLUTE (.))
                [!provide]                        PROVIDE (_etext, ABSOLUTE (.))
                [!provide]                        PROVIDE (etext, ABSOLUTE (.))
 *(.eh_frame_hdr)
                0x00000000000830f0                . = ALIGN (0x4)
                [!provide]                        PROVIDE (__preinit_array_start, ABSOLUTE (.))
 *(.preinit_array)
                [!provide]                        PROVIDE (__preinit_array_end, ABSOLUTE (.))
                [!provide]                        PROVIDE (__init_array_start, ABSOLUTE (.))
 *(.init_array)
                [!provide]                        PROVIDE (__init_array_end, ABSOLUTE (.))
                [!provide]                        PROVIDE (__fini_array_start, ABSOLUTE (.))
 *(.fini_array)
                [!provide]                        PROVIDE (__fini_array_end, ABSOLUTE (.))
 *(.eh_frame)
 *(.gcc_except_table .gcc_except_table.*)
 *(.dynamic)
                [!provide]                        PROVIDE (__CTOR_LIST__, ABSOLUTE (.))
 *(.ctors)
 *(SORT(.ctors.*))
                [!provide]                        PROVIDE (__CTOR_END__, ABSOLUTE (.))
                [!provide]                        PROVIDE (__DTOR_LIST__, ABSOLUTE (.))
 *(.dtors)
 *(SORT(.dtors.*))
                [!provide]                        PROVIDE (__DTOR_END__, ABSOLUTE (.))
 *(.jcr)
                0x00000000000830f0                . = ALIGN (0x4)

.rodata         0x00000000000830f0       0x80
                0x00000000000830f0                PROVIDE (__ram_rodata_start, ABSOLUTE (.))
                0x00000000000830f0                . = ALIGN (0x4)
 *(.rodata .rodata.* .gnu.linkonce.r.*)
 .rodata        0x00000000000830f0       0x3c obj/default/main.o
 .rodata.str1.4
                0x000000000008312c        0x4 c:/altera/16.0/nios2eds/bin/gnu/h-x86_64-mingw32/bin/../lib/gcc/nios2-elf/5.2.0/../../../../../H-x86_64-mingw32/nios2-elf/lib\libsmallc.a(lib_a-puts.o)
                                          0x2 (size before relaxing)
 .rodata        0x0000000000083130       0x11 ../ADCtest_bsp/\libhal_bsp.a(alt_main.o)
 *fill*         0x0000000000083141        0x3 
 .rodata        0x0000000000083144       0x1f ../ADCtest_bsp/\libhal_bsp.a(alt_sys_init.o)
 *fill*         0x0000000000083163        0x1 
 .rodata        0x0000000000083164        0xa ../ADCtest_bsp/\libhal_bsp.a(alt_dev.o)
 *(.rodata1)
                0x0000000000083170                . = ALIGN (0x4)
 *fill*         0x000000000008316e        0x2 
                0x0000000000083170                PROVIDE (__ram_rodata_end, ABSOLUTE (.))
                0x00000000000830f0                PROVIDE (__flash_rodata_start, LOADADDR (.rodata))

.rwdata         0x0000000000083170     0x1340 load address 0x00000000000844b0
                0x0000000000083170                PROVIDE (__ram_rwdata_start, ABSOLUTE (.))
                0x0000000000083170                . = ALIGN (0x4)
 *(.got.plt)
 *(.got)
 *(.data1)
 *(.data .data.* .gnu.linkonce.d.*)
 .data          0x0000000000083170        0x0 ../ADCtest_bsp//obj/HAL/src/crt0.o
 .data          0x0000000000083170        0x0 obj/default/main.o
 .data          0x0000000000083170        0x0 c:/altera/16.0/nios2eds/bin/gnu/h-x86_64-mingw32/bin/../lib/gcc/nios2-elf/5.2.0/../../../../../H-x86_64-mingw32/nios2-elf/lib\libsmallc.a(lib_a-printf.o)
 .data          0x0000000000083170        0x0 c:/altera/16.0/nios2eds/bin/gnu/h-x86_64-mingw32/bin/../lib/gcc/nios2-elf/5.2.0/../../../../../H-x86_64-mingw32/nios2-elf/lib\libsmallc.a(lib_a-puts.o)
 .data          0x0000000000083170        0x0 c:/altera/16.0/nios2eds/bin/gnu/h-x86_64-mingw32/bin/../lib/gcc/nios2-elf/5.2.0/../../../../../H-x86_64-mingw32/nios2-elf/lib\libsmallc.a(lib_a-strlen.o)
 .data          0x0000000000083170        0x0 c:/altera/16.0/nios2eds/bin/gnu/h-x86_64-mingw32/bin/../lib/gcc/nios2-elf/5.2.0/../../../../../H-x86_64-mingw32/nios2-elf/lib\libsmallc.a(lib_a-vfprintf.o)
 .data          0x0000000000083170        0x0 c:/altera/16.0/nios2eds/bin/gnu/h-x86_64-mingw32/bin/../lib/gcc/nios2-elf/5.2.0/../../../../../H-x86_64-mingw32/nios2-elf/lib\libsmallc.a(lib_a-fvwrite_small_dev.o)
 .data          0x0000000000083170        0x0 c:/altera/16.0/nios2eds/bin/gnu/h-x86_64-mingw32/bin/../lib/gcc/nios2-elf/5.2.0/../../../../../H-x86_64-mingw32/nios2-elf/lib\libsmallc.a(lib_a-impure.o)
 .data.impure_data
                0x0000000000083170       0xe0 c:/altera/16.0/nios2eds/bin/gnu/h-x86_64-mingw32/bin/../lib/gcc/nios2-elf/5.2.0/../../../../../H-x86_64-mingw32/nios2-elf/lib\libsmallc.a(lib_a-impure.o)
 .data          0x0000000000083250        0x0 c:/altera/16.0/nios2eds/bin/gnu/h-x86_64-mingw32/bin/../lib/gcc/nios2-elf/5.2.0/../../../../../H-x86_64-mingw32/nios2-elf/lib\libsmallc.a(lib_a-writer.o)
 .data          0x0000000000083250        0x0 c:/altera/16.0/nios2eds/bin/gnu/h-x86_64-mingw32/bin/../lib/gcc/nios2-elf/5.2.0/../../../../../H-x86_64-mingw32/nios2-elf/lib\libsmallc.a(lib_a-int_errno.o)
 .data          0x0000000000083250        0x0 c:/altera/16.0/nios2eds/bin/gnu/h-x86_64-mingw32/bin/../lib/gcc/nios2-elf/5.2.0\libgcc.a(lib2-divmod.o)
 .data          0x0000000000083250        0x0 ../ADCtest_bsp/\libhal_bsp.a(alt_irq_entry.o)
 .data          0x0000000000083250        0x0 ../ADCtest_bsp/\libhal_bsp.a(alt_irq_handler.o)
 .data          0x0000000000083250        0x0 ../ADCtest_bsp/\libhal_bsp.a(alt_irq_vars.o)
 .data          0x0000000000083250        0x0 ../ADCtest_bsp/\libhal_bsp.a(alt_load.o)
 .data          0x0000000000083250        0x0 ../ADCtest_bsp/\libhal_bsp.a(alt_main.o)
 .data          0x0000000000083250        0x0 ../ADCtest_bsp/\libhal_bsp.a(alt_write.o)
 .data          0x0000000000083250     0x108c ../ADCtest_bsp/\libhal_bsp.a(alt_sys_init.o)
 .data          0x00000000000842dc        0x0 ../ADCtest_bsp/\libhal_bsp.a(altera_avalon_jtag_uart_fd.o)
 .data          0x00000000000842dc        0x0 ../ADCtest_bsp/\libhal_bsp.a(altera_avalon_jtag_uart_init.o)
 .data          0x00000000000842dc        0x0 ../ADCtest_bsp/\libhal_bsp.a(altera_avalon_jtag_uart_ioctl.o)
 .data          0x00000000000842dc        0x0 ../ADCtest_bsp/\libhal_bsp.a(altera_avalon_jtag_uart_read.o)
 .data          0x00000000000842dc        0x0 ../ADCtest_bsp/\libhal_bsp.a(altera_avalon_jtag_uart_write.o)
 .data          0x00000000000842dc        0x0 ../ADCtest_bsp/\libhal_bsp.a(altera_up_avalon_adc.o)
 .data          0x00000000000842dc        0x0 ../ADCtest_bsp/\libhal_bsp.a(alt_alarm_start.o)
 .data          0x00000000000842dc        0x0 ../ADCtest_bsp/\libhal_bsp.a(alt_close.o)
 .data          0x00000000000842dc        0x0 ../ADCtest_bsp/\libhal_bsp.a(alt_dcache_flush_all.o)
 .data          0x00000000000842dc      0x1a8 ../ADCtest_bsp/\libhal_bsp.a(alt_dev.o)
                0x00000000000842dc                alt_dev_null
                0x0000000000084304                alt_fd_list
 .data          0x0000000000084484        0x0 ../ADCtest_bsp/\libhal_bsp.a(alt_dev_llist_insert.o)
 .data          0x0000000000084484        0x0 ../ADCtest_bsp/\libhal_bsp.a(alt_errno.o)
 .data          0x0000000000084484        0x0 ../ADCtest_bsp/\libhal_bsp.a(alt_exception_entry.o)
 .data          0x0000000000084484        0x0 ../ADCtest_bsp/\libhal_bsp.a(alt_find_dev.o)
 .data          0x0000000000084484        0x0 ../ADCtest_bsp/\libhal_bsp.a(alt_icache_flush_all.o)
 .data          0x0000000000084484        0x0 ../ADCtest_bsp/\libhal_bsp.a(alt_iic.o)
 .data          0x0000000000084484        0x0 ../ADCtest_bsp/\libhal_bsp.a(alt_iic_isr_register.o)
 .data          0x0000000000084484        0x0 ../ADCtest_bsp/\libhal_bsp.a(alt_instruction_exception_entry.o)
 .data          0x0000000000084484        0x0 ../ADCtest_bsp/\libhal_bsp.a(alt_io_redirect.o)
 .data          0x0000000000084484        0x0 ../ADCtest_bsp/\libhal_bsp.a(alt_open.o)
 .data          0x0000000000084484        0x0 ../ADCtest_bsp/\libhal_bsp.a(alt_release_fd.o)
 .data          0x0000000000084484        0x0 ../ADCtest_bsp/\libhal_bsp.a(alt_tick.o)
 .data          0x0000000000084484        0x0 ../ADCtest_bsp/\libhal_bsp.a(altera_nios2_gen2_irq.o)
 .data          0x0000000000084484        0x0 ../ADCtest_bsp/\libhal_bsp.a(alt_find_file.o)
 .data          0x0000000000084484        0x0 ../ADCtest_bsp/\libhal_bsp.a(alt_get_fd.o)
 .data          0x0000000000084484        0x0 ../ADCtest_bsp/\libhal_bsp.a(alt_icache_flush.o)
 .data          0x0000000000084484        0x0 c:/altera/16.0/nios2eds/bin/gnu/h-x86_64-mingw32/bin/../lib/gcc/nios2-elf/5.2.0/../../../../../H-x86_64-mingw32/nios2-elf/lib\libsmallc.a(lib_a-exit.o)
 .data          0x0000000000084484        0x0 c:/altera/16.0/nios2eds/bin/gnu/h-x86_64-mingw32/bin/../lib/gcc/nios2-elf/5.2.0/../../../../../H-x86_64-mingw32/nios2-elf/lib\libsmallc.a(lib_a-memcmp.o)
 .data          0x0000000000084484        0x0 c:/altera/16.0/nios2eds/bin/gnu/h-x86_64-mingw32/bin/../lib/gcc/nios2-elf/5.2.0/../../../../../H-x86_64-mingw32/nios2-elf/lib\libsmallc.a(lib_a-memcpy.o)
 .data          0x0000000000084484        0x0 c:/altera/16.0/nios2eds/bin/gnu/h-x86_64-mingw32/bin/../lib/gcc/nios2-elf/5.2.0/../../../../../H-x86_64-mingw32/nios2-elf/lib\libsmallc.a(lib_a-__call_atexit.o)
 .data          0x0000000000084484        0x0 ../ADCtest_bsp/\libhal_bsp.a(alt_exit.o)
                0x000000000008c484                _gp = ABSOLUTE ((. + 0x8000))
                [!provide]                        PROVIDE (gp, _gp)
 *(.rwdata .rwdata.*)
 *(.sdata .sdata.* .gnu.linkonce.s.*)
 .sdata._global_impure_ptr
                0x0000000000084484        0x4 c:/altera/16.0/nios2eds/bin/gnu/h-x86_64-mingw32/bin/../lib/gcc/nios2-elf/5.2.0/../../../../../H-x86_64-mingw32/nios2-elf/lib\libsmallc.a(lib_a-impure.o)
                0x0000000000084484                _global_impure_ptr
 .sdata._impure_ptr
                0x0000000000084488        0x4 c:/altera/16.0/nios2eds/bin/gnu/h-x86_64-mingw32/bin/../lib/gcc/nios2-elf/5.2.0/../../../../../H-x86_64-mingw32/nios2-elf/lib\libsmallc.a(lib_a-impure.o)
                0x0000000000084488                _impure_ptr
 .sdata         0x000000000008448c        0x4 ../ADCtest_bsp/\libhal_bsp.a(alt_irq_vars.o)
                0x000000000008448c                alt_priority_mask
 .sdata         0x0000000000084490       0x14 ../ADCtest_bsp/\libhal_bsp.a(alt_dev.o)
                0x0000000000084490                alt_fs_list
                0x0000000000084498                alt_dev_list
                0x00000000000844a0                alt_max_fd
 .sdata         0x00000000000844a4        0x4 ../ADCtest_bsp/\libhal_bsp.a(alt_errno.o)
                0x00000000000844a4                alt_errno
 .sdata         0x00000000000844a8        0x8 ../ADCtest_bsp/\libhal_bsp.a(alt_tick.o)
                0x00000000000844a8                alt_alarm_list
 *(.sdata2 .sdata2.* .gnu.linkonce.s2.*)
                0x00000000000844b0                . = ALIGN (0x4)
                0x00000000000844b0                _edata = ABSOLUTE (.)
                [!provide]                        PROVIDE (edata, ABSOLUTE (.))
                0x00000000000844b0                PROVIDE (__ram_rwdata_end, ABSOLUTE (.))
                0x00000000000844b0                PROVIDE (__flash_rwdata_start, LOADADDR (.rwdata))

.bss            0x00000000000857f0      0x120
                0x00000000000857f0                __bss_start = ABSOLUTE (.)
                [!provide]                        PROVIDE (__sbss_start, ABSOLUTE (.))
                [!provide]                        PROVIDE (___sbss_start, ABSOLUTE (.))
 *(.dynsbss)
 *(.sbss .sbss.* .gnu.linkonce.sb.*)
 .sbss          0x00000000000857f0        0x4 c:/altera/16.0/nios2eds/bin/gnu/h-x86_64-mingw32/bin/../lib/gcc/nios2-elf/5.2.0/../../../../../H-x86_64-mingw32/nios2-elf/lib\libsmallc.a(lib_a-int_errno.o)
                0x00000000000857f0                errno
 .sbss          0x00000000000857f4        0x4 ../ADCtest_bsp/\libhal_bsp.a(alt_irq_vars.o)
                0x00000000000857f4                alt_irq_active
 .sbss          0x00000000000857f8        0xc ../ADCtest_bsp/\libhal_bsp.a(alt_main.o)
                0x00000000000857f8                alt_argc
                0x00000000000857fc                alt_argv
                0x0000000000085800                alt_envp
 .sbss          0x0000000000085804        0x4 ../ADCtest_bsp/\libhal_bsp.a(alt_instruction_exception_entry.o)
                0x0000000000085804                alt_instruction_exception_handler
 .sbss          0x0000000000085808        0x8 ../ADCtest_bsp/\libhal_bsp.a(alt_tick.o)
                0x0000000000085808                _alt_tick_rate
                0x000000000008580c                _alt_nticks
 *(.sbss2 .sbss2.* .gnu.linkonce.sb2.*)
 *(.scommon)
                [!provide]                        PROVIDE (__sbss_end, ABSOLUTE (.))
                [!provide]                        PROVIDE (___sbss_end, ABSOLUTE (.))
 *(.dynbss)
 *(.bss .bss.* .gnu.linkonce.b.*)
 .bss           0x0000000000085810        0x0 ../ADCtest_bsp//obj/HAL/src/crt0.o
 .bss           0x0000000000085810        0x0 obj/default/main.o
 .bss           0x0000000000085810        0x0 c:/altera/16.0/nios2eds/bin/gnu/h-x86_64-mingw32/bin/../lib/gcc/nios2-elf/5.2.0/../../../../../H-x86_64-mingw32/nios2-elf/lib\libsmallc.a(lib_a-printf.o)
 .bss           0x0000000000085810        0x0 c:/altera/16.0/nios2eds/bin/gnu/h-x86_64-mingw32/bin/../lib/gcc/nios2-elf/5.2.0/../../../../../H-x86_64-mingw32/nios2-elf/lib\libsmallc.a(lib_a-puts.o)
 .bss           0x0000000000085810        0x0 c:/altera/16.0/nios2eds/bin/gnu/h-x86_64-mingw32/bin/../lib/gcc/nios2-elf/5.2.0/../../../../../H-x86_64-mingw32/nios2-elf/lib\libsmallc.a(lib_a-strlen.o)
 .bss           0x0000000000085810        0x0 c:/altera/16.0/nios2eds/bin/gnu/h-x86_64-mingw32/bin/../lib/gcc/nios2-elf/5.2.0/../../../../../H-x86_64-mingw32/nios2-elf/lib\libsmallc.a(lib_a-vfprintf.o)
 .bss           0x0000000000085810        0x0 c:/altera/16.0/nios2eds/bin/gnu/h-x86_64-mingw32/bin/../lib/gcc/nios2-elf/5.2.0/../../../../../H-x86_64-mingw32/nios2-elf/lib\libsmallc.a(lib_a-fvwrite_small_dev.o)
 .bss           0x0000000000085810        0x0 c:/altera/16.0/nios2eds/bin/gnu/h-x86_64-mingw32/bin/../lib/gcc/nios2-elf/5.2.0/../../../../../H-x86_64-mingw32/nios2-elf/lib\libsmallc.a(lib_a-impure.o)
 .bss           0x0000000000085810        0x0 c:/altera/16.0/nios2eds/bin/gnu/h-x86_64-mingw32/bin/../lib/gcc/nios2-elf/5.2.0/../../../../../H-x86_64-mingw32/nios2-elf/lib\libsmallc.a(lib_a-writer.o)
 .bss           0x0000000000085810        0x0 c:/altera/16.0/nios2eds/bin/gnu/h-x86_64-mingw32/bin/../lib/gcc/nios2-elf/5.2.0/../../../../../H-x86_64-mingw32/nios2-elf/lib\libsmallc.a(lib_a-int_errno.o)
 .bss           0x0000000000085810        0x0 c:/altera/16.0/nios2eds/bin/gnu/h-x86_64-mingw32/bin/../lib/gcc/nios2-elf/5.2.0\libgcc.a(lib2-divmod.o)
 .bss           0x0000000000085810        0x0 ../ADCtest_bsp/\libhal_bsp.a(alt_irq_entry.o)
 .bss           0x0000000000085810        0x0 ../ADCtest_bsp/\libhal_bsp.a(alt_irq_handler.o)
 .bss           0x0000000000085810        0x0 ../ADCtest_bsp/\libhal_bsp.a(alt_irq_vars.o)
 .bss           0x0000000000085810        0x0 ../ADCtest_bsp/\libhal_bsp.a(alt_load.o)
 .bss           0x0000000000085810        0x0 ../ADCtest_bsp/\libhal_bsp.a(alt_main.o)
 .bss           0x0000000000085810        0x0 ../ADCtest_bsp/\libhal_bsp.a(alt_write.o)
 .bss           0x0000000000085810        0x0 ../ADCtest_bsp/\libhal_bsp.a(alt_sys_init.o)
 .bss           0x0000000000085810        0x0 ../ADCtest_bsp/\libhal_bsp.a(altera_avalon_jtag_uart_fd.o)
 .bss           0x0000000000085810        0x0 ../ADCtest_bsp/\libhal_bsp.a(altera_avalon_jtag_uart_init.o)
 .bss           0x0000000000085810        0x0 ../ADCtest_bsp/\libhal_bsp.a(altera_avalon_jtag_uart_ioctl.o)
 .bss           0x0000000000085810        0x0 ../ADCtest_bsp/\libhal_bsp.a(altera_avalon_jtag_uart_read.o)
 .bss           0x0000000000085810        0x0 ../ADCtest_bsp/\libhal_bsp.a(altera_avalon_jtag_uart_write.o)
 .bss           0x0000000000085810        0x0 ../ADCtest_bsp/\libhal_bsp.a(altera_up_avalon_adc.o)
 .bss           0x0000000000085810        0x0 ../ADCtest_bsp/\libhal_bsp.a(alt_alarm_start.o)
 .bss           0x0000000000085810        0x0 ../ADCtest_bsp/\libhal_bsp.a(alt_close.o)
 .bss           0x0000000000085810        0x0 ../ADCtest_bsp/\libhal_bsp.a(alt_dcache_flush_all.o)
 .bss           0x0000000000085810        0x0 ../ADCtest_bsp/\libhal_bsp.a(alt_dev.o)
 .bss           0x0000000000085810        0x0 ../ADCtest_bsp/\libhal_bsp.a(alt_dev_llist_insert.o)
 .bss           0x0000000000085810        0x0 ../ADCtest_bsp/\libhal_bsp.a(alt_errno.o)
 .bss           0x0000000000085810        0x0 ../ADCtest_bsp/\libhal_bsp.a(alt_exception_entry.o)
 .bss           0x0000000000085810        0x0 ../ADCtest_bsp/\libhal_bsp.a(alt_find_dev.o)
 .bss           0x0000000000085810        0x0 ../ADCtest_bsp/\libhal_bsp.a(alt_icache_flush_all.o)
 .bss           0x0000000000085810        0x0 ../ADCtest_bsp/\libhal_bsp.a(alt_iic.o)
 .bss           0x0000000000085810        0x0 ../ADCtest_bsp/\libhal_bsp.a(alt_iic_isr_register.o)
 .bss           0x0000000000085810        0x0 ../ADCtest_bsp/\libhal_bsp.a(alt_instruction_exception_entry.o)
 .bss           0x0000000000085810        0x0 ../ADCtest_bsp/\libhal_bsp.a(alt_io_redirect.o)
 .bss           0x0000000000085810        0x0 ../ADCtest_bsp/\libhal_bsp.a(alt_open.o)
 .bss           0x0000000000085810        0x0 ../ADCtest_bsp/\libhal_bsp.a(alt_release_fd.o)
 .bss           0x0000000000085810        0x0 ../ADCtest_bsp/\libhal_bsp.a(alt_tick.o)
 .bss           0x0000000000085810        0x0 ../ADCtest_bsp/\libhal_bsp.a(altera_nios2_gen2_irq.o)
 .bss           0x0000000000085810        0x0 ../ADCtest_bsp/\libhal_bsp.a(alt_find_file.o)
 .bss           0x0000000000085810        0x0 ../ADCtest_bsp/\libhal_bsp.a(alt_get_fd.o)
 .bss           0x0000000000085810        0x0 ../ADCtest_bsp/\libhal_bsp.a(alt_icache_flush.o)
 .bss           0x0000000000085810        0x0 c:/altera/16.0/nios2eds/bin/gnu/h-x86_64-mingw32/bin/../lib/gcc/nios2-elf/5.2.0/../../../../../H-x86_64-mingw32/nios2-elf/lib\libsmallc.a(lib_a-exit.o)
 .bss           0x0000000000085810        0x0 c:/altera/16.0/nios2eds/bin/gnu/h-x86_64-mingw32/bin/../lib/gcc/nios2-elf/5.2.0/../../../../../H-x86_64-mingw32/nios2-elf/lib\libsmallc.a(lib_a-memcmp.o)
 .bss           0x0000000000085810        0x0 c:/altera/16.0/nios2eds/bin/gnu/h-x86_64-mingw32/bin/../lib/gcc/nios2-elf/5.2.0/../../../../../H-x86_64-mingw32/nios2-elf/lib\libsmallc.a(lib_a-memcpy.o)
 .bss           0x0000000000085810        0x0 c:/altera/16.0/nios2eds/bin/gnu/h-x86_64-mingw32/bin/../lib/gcc/nios2-elf/5.2.0/../../../../../H-x86_64-mingw32/nios2-elf/lib\libsmallc.a(lib_a-__call_atexit.o)
 .bss           0x0000000000085810        0x0 ../ADCtest_bsp/\libhal_bsp.a(alt_exit.o)
 *(COMMON)
 COMMON         0x0000000000085810      0x100 ../ADCtest_bsp/\libhal_bsp.a(alt_irq_handler.o)
                0x0000000000085810                alt_irq
                0x0000000000085910                . = ALIGN (0x4)
                0x0000000000085910                __bss_end = ABSOLUTE (.)

.onchip_memory2_0
                0x0000000000085910        0x0
                [!provide]                        PROVIDE (_alt_partition_onchip_memory2_0_start, ABSOLUTE (.))
 *(.onchip_memory2_0 .onchip_memory2_0. onchip_memory2_0.*)
                0x0000000000085910                . = ALIGN (0x4)
                [!provide]                        PROVIDE (_alt_partition_onchip_memory2_0_end, ABSOLUTE (.))
                0x0000000000085910                _end = ABSOLUTE (.)
                0x0000000000085910                end = ABSOLUTE (.)
                0x0000000000085910                __alt_stack_base = ABSOLUTE (.)
                [!provide]                        PROVIDE (_alt_partition_onchip_memory2_0_load_addr, LOADADDR (.onchip_memory2_0))

.stab
 *(.stab)

.stabstr
 *(.stabstr)

.stab.excl
 *(.stab.excl)

.stab.exclstr
 *(.stab.exclstr)

.stab.index
 *(.stab.index)

.stab.indexstr
 *(.stab.indexstr)

.comment        0x0000000000000000       0x23
 *(.comment)
 .comment       0x0000000000000000       0x23 obj/default/main.o
                                         0x24 (size before relaxing)
 .comment       0x0000000000000023       0x24 c:/altera/16.0/nios2eds/bin/gnu/h-x86_64-mingw32/bin/../lib/gcc/nios2-elf/5.2.0/../../../../../H-x86_64-mingw32/nios2-elf/lib\libsmallc.a(lib_a-printf.o)
 .comment       0x0000000000000023       0x24 c:/altera/16.0/nios2eds/bin/gnu/h-x86_64-mingw32/bin/../lib/gcc/nios2-elf/5.2.0/../../../../../H-x86_64-mingw32/nios2-elf/lib\libsmallc.a(lib_a-puts.o)
 .comment       0x0000000000000023       0x24 c:/altera/16.0/nios2eds/bin/gnu/h-x86_64-mingw32/bin/../lib/gcc/nios2-elf/5.2.0/../../../../../H-x86_64-mingw32/nios2-elf/lib\libsmallc.a(lib_a-strlen.o)
 .comment       0x0000000000000023       0x24 c:/altera/16.0/nios2eds/bin/gnu/h-x86_64-mingw32/bin/../lib/gcc/nios2-elf/5.2.0/../../../../../H-x86_64-mingw32/nios2-elf/lib\libsmallc.a(lib_a-vfprintf.o)
 .comment       0x0000000000000023       0x24 c:/altera/16.0/nios2eds/bin/gnu/h-x86_64-mingw32/bin/../lib/gcc/nios2-elf/5.2.0/../../../../../H-x86_64-mingw32/nios2-elf/lib\libsmallc.a(lib_a-fvwrite_small_dev.o)
 .comment       0x0000000000000023       0x24 c:/altera/16.0/nios2eds/bin/gnu/h-x86_64-mingw32/bin/../lib/gcc/nios2-elf/5.2.0/../../../../../H-x86_64-mingw32/nios2-elf/lib\libsmallc.a(lib_a-impure.o)
 .comment       0x0000000000000023       0x24 c:/altera/16.0/nios2eds/bin/gnu/h-x86_64-mingw32/bin/../lib/gcc/nios2-elf/5.2.0/../../../../../H-x86_64-mingw32/nios2-elf/lib\libsmallc.a(lib_a-writer.o)
 .comment       0x0000000000000023       0x24 c:/altera/16.0/nios2eds/bin/gnu/h-x86_64-mingw32/bin/../lib/gcc/nios2-elf/5.2.0/../../../../../H-x86_64-mingw32/nios2-elf/lib\libsmallc.a(lib_a-int_errno.o)
 .comment       0x0000000000000023       0x24 c:/altera/16.0/nios2eds/bin/gnu/h-x86_64-mingw32/bin/../lib/gcc/nios2-elf/5.2.0\libgcc.a(lib2-divmod.o)
 .comment       0x0000000000000023       0x24 ../ADCtest_bsp/\libhal_bsp.a(alt_irq_handler.o)
 .comment       0x0000000000000023       0x24 ../ADCtest_bsp/\libhal_bsp.a(alt_irq_vars.o)
 .comment       0x0000000000000023       0x24 ../ADCtest_bsp/\libhal_bsp.a(alt_load.o)
 .comment       0x0000000000000023       0x24 ../ADCtest_bsp/\libhal_bsp.a(alt_main.o)
 .comment       0x0000000000000023       0x24 ../ADCtest_bsp/\libhal_bsp.a(alt_write.o)
 .comment       0x0000000000000023       0x24 ../ADCtest_bsp/\libhal_bsp.a(alt_sys_init.o)
 .comment       0x0000000000000023       0x24 ../ADCtest_bsp/\libhal_bsp.a(altera_avalon_jtag_uart_fd.o)
 .comment       0x0000000000000023       0x24 ../ADCtest_bsp/\libhal_bsp.a(altera_avalon_jtag_uart_init.o)
 .comment       0x0000000000000023       0x24 ../ADCtest_bsp/\libhal_bsp.a(altera_avalon_jtag_uart_ioctl.o)
 .comment       0x0000000000000023       0x24 ../ADCtest_bsp/\libhal_bsp.a(altera_avalon_jtag_uart_read.o)
 .comment       0x0000000000000023       0x24 ../ADCtest_bsp/\libhal_bsp.a(altera_avalon_jtag_uart_write.o)
 .comment       0x0000000000000023       0x24 ../ADCtest_bsp/\libhal_bsp.a(altera_up_avalon_adc.o)
 .comment       0x0000000000000023       0x24 ../ADCtest_bsp/\libhal_bsp.a(alt_alarm_start.o)
 .comment       0x0000000000000023       0x24 ../ADCtest_bsp/\libhal_bsp.a(alt_close.o)
 .comment       0x0000000000000023       0x24 ../ADCtest_bsp/\libhal_bsp.a(alt_dcache_flush_all.o)
 .comment       0x0000000000000023       0x24 ../ADCtest_bsp/\libhal_bsp.a(alt_dev.o)
 .comment       0x0000000000000023       0x24 ../ADCtest_bsp/\libhal_bsp.a(alt_dev_llist_insert.o)
 .comment       0x0000000000000023       0x24 ../ADCtest_bsp/\libhal_bsp.a(alt_errno.o)
 .comment       0x0000000000000023       0x24 ../ADCtest_bsp/\libhal_bsp.a(alt_find_dev.o)
 .comment       0x0000000000000023       0x24 ../ADCtest_bsp/\libhal_bsp.a(alt_icache_flush_all.o)
 .comment       0x0000000000000023       0x24 ../ADCtest_bsp/\libhal_bsp.a(alt_iic.o)
 .comment       0x0000000000000023       0x24 ../ADCtest_bsp/\libhal_bsp.a(alt_iic_isr_register.o)
 .comment       0x0000000000000023       0x24 ../ADCtest_bsp/\libhal_bsp.a(alt_instruction_exception_entry.o)
 .comment       0x0000000000000023       0x24 ../ADCtest_bsp/\libhal_bsp.a(alt_io_redirect.o)
 .comment       0x0000000000000023       0x24 ../ADCtest_bsp/\libhal_bsp.a(alt_open.o)
 .comment       0x0000000000000023       0x24 ../ADCtest_bsp/\libhal_bsp.a(alt_release_fd.o)
 .comment       0x0000000000000023       0x24 ../ADCtest_bsp/\libhal_bsp.a(alt_tick.o)
 .comment       0x0000000000000023       0x24 ../ADCtest_bsp/\libhal_bsp.a(altera_nios2_gen2_irq.o)
 .comment       0x0000000000000023       0x24 ../ADCtest_bsp/\libhal_bsp.a(alt_find_file.o)
 .comment       0x0000000000000023       0x24 ../ADCtest_bsp/\libhal_bsp.a(alt_get_fd.o)
 .comment       0x0000000000000023       0x24 ../ADCtest_bsp/\libhal_bsp.a(alt_icache_flush.o)
 .comment       0x0000000000000023       0x24 c:/altera/16.0/nios2eds/bin/gnu/h-x86_64-mingw32/bin/../lib/gcc/nios2-elf/5.2.0/../../../../../H-x86_64-mingw32/nios2-elf/lib\libsmallc.a(lib_a-exit.o)
 .comment       0x0000000000000023       0x24 c:/altera/16.0/nios2eds/bin/gnu/h-x86_64-mingw32/bin/../lib/gcc/nios2-elf/5.2.0/../../../../../H-x86_64-mingw32/nios2-elf/lib\libsmallc.a(lib_a-memcmp.o)
 .comment       0x0000000000000023       0x24 c:/altera/16.0/nios2eds/bin/gnu/h-x86_64-mingw32/bin/../lib/gcc/nios2-elf/5.2.0/../../../../../H-x86_64-mingw32/nios2-elf/lib\libsmallc.a(lib_a-memcpy.o)
 .comment       0x0000000000000023       0x24 c:/altera/16.0/nios2eds/bin/gnu/h-x86_64-mingw32/bin/../lib/gcc/nios2-elf/5.2.0/../../../../../H-x86_64-mingw32/nios2-elf/lib\libsmallc.a(lib_a-__call_atexit.o)
 .comment       0x0000000000000023       0x24 ../ADCtest_bsp/\libhal_bsp.a(alt_exit.o)

.debug
 *(.debug)

.line
 *(.line)

.debug_srcinfo
 *(.debug_srcinfo)

.debug_sfnames
 *(.debug_sfnames)

.debug_aranges  0x0000000000000000      0x658
 *(.debug_aranges)
 .debug_aranges
                0x0000000000000000       0x28 ../ADCtest_bsp//obj/HAL/src/crt0.o
 .debug_aranges
                0x0000000000000028       0x20 obj/default/main.o
 .debug_aranges
                0x0000000000000048       0x28 c:/altera/16.0/nios2eds/bin/gnu/h-x86_64-mingw32/bin/../lib/gcc/nios2-elf/5.2.0/../../../../../H-x86_64-mingw32/nios2-elf/lib\libsmallc.a(lib_a-printf.o)
 .debug_aranges
                0x0000000000000070       0x28 c:/altera/16.0/nios2eds/bin/gnu/h-x86_64-mingw32/bin/../lib/gcc/nios2-elf/5.2.0/../../../../../H-x86_64-mingw32/nios2-elf/lib\libsmallc.a(lib_a-puts.o)
 .debug_aranges
                0x0000000000000098       0x20 c:/altera/16.0/nios2eds/bin/gnu/h-x86_64-mingw32/bin/../lib/gcc/nios2-elf/5.2.0/../../../../../H-x86_64-mingw32/nios2-elf/lib\libsmallc.a(lib_a-strlen.o)
 .debug_aranges
                0x00000000000000b8       0x30 c:/altera/16.0/nios2eds/bin/gnu/h-x86_64-mingw32/bin/../lib/gcc/nios2-elf/5.2.0/../../../../../H-x86_64-mingw32/nios2-elf/lib\libsmallc.a(lib_a-vfprintf.o)
 .debug_aranges
                0x00000000000000e8       0x20 c:/altera/16.0/nios2eds/bin/gnu/h-x86_64-mingw32/bin/../lib/gcc/nios2-elf/5.2.0/../../../../../H-x86_64-mingw32/nios2-elf/lib\libsmallc.a(lib_a-fvwrite_small_dev.o)
 .debug_aranges
                0x0000000000000108       0x18 c:/altera/16.0/nios2eds/bin/gnu/h-x86_64-mingw32/bin/../lib/gcc/nios2-elf/5.2.0/../../../../../H-x86_64-mingw32/nios2-elf/lib\libsmallc.a(lib_a-impure.o)
 .debug_aranges
                0x0000000000000120       0x20 c:/altera/16.0/nios2eds/bin/gnu/h-x86_64-mingw32/bin/../lib/gcc/nios2-elf/5.2.0/../../../../../H-x86_64-mingw32/nios2-elf/lib\libsmallc.a(lib_a-writer.o)
 .debug_aranges
                0x0000000000000140       0x18 c:/altera/16.0/nios2eds/bin/gnu/h-x86_64-mingw32/bin/../lib/gcc/nios2-elf/5.2.0/../../../../../H-x86_64-mingw32/nios2-elf/lib\libsmallc.a(lib_a-int_errno.o)
 .debug_aranges
                0x0000000000000158       0x20 c:/altera/16.0/nios2eds/bin/gnu/h-x86_64-mingw32/bin/../lib/gcc/nios2-elf/5.2.0\libgcc.a(lib2-divmod.o)
 .debug_aranges
                0x0000000000000178       0x30 ../ADCtest_bsp/\libhal_bsp.a(alt_irq_entry.o)
 .debug_aranges
                0x00000000000001a8       0x20 ../ADCtest_bsp/\libhal_bsp.a(alt_irq_handler.o)
 .debug_aranges
                0x00000000000001c8       0x18 ../ADCtest_bsp/\libhal_bsp.a(alt_irq_vars.o)
 .debug_aranges
                0x00000000000001e0       0x20 ../ADCtest_bsp/\libhal_bsp.a(alt_load.o)
 .debug_aranges
                0x0000000000000200       0x20 ../ADCtest_bsp/\libhal_bsp.a(alt_main.o)
 .debug_aranges
                0x0000000000000220       0x20 ../ADCtest_bsp/\libhal_bsp.a(alt_write.o)
 .debug_aranges
                0x0000000000000240       0x20 ../ADCtest_bsp/\libhal_bsp.a(alt_sys_init.o)
 .debug_aranges
                0x0000000000000260       0x20 ../ADCtest_bsp/\libhal_bsp.a(altera_avalon_jtag_uart_fd.o)
 .debug_aranges
                0x0000000000000280       0x20 ../ADCtest_bsp/\libhal_bsp.a(altera_avalon_jtag_uart_init.o)
 .debug_aranges
                0x00000000000002a0       0x20 ../ADCtest_bsp/\libhal_bsp.a(altera_avalon_jtag_uart_ioctl.o)
 .debug_aranges
                0x00000000000002c0       0x20 ../ADCtest_bsp/\libhal_bsp.a(altera_avalon_jtag_uart_read.o)
 .debug_aranges
                0x00000000000002e0       0x20 ../ADCtest_bsp/\libhal_bsp.a(altera_avalon_jtag_uart_write.o)
 .debug_aranges
                0x0000000000000300       0x20 ../ADCtest_bsp/\libhal_bsp.a(altera_up_avalon_adc.o)
 .debug_aranges
                0x0000000000000320       0x20 ../ADCtest_bsp/\libhal_bsp.a(alt_alarm_start.o)
 .debug_aranges
                0x0000000000000340       0x20 ../ADCtest_bsp/\libhal_bsp.a(alt_close.o)
 .debug_aranges
                0x0000000000000360       0x20 ../ADCtest_bsp/\libhal_bsp.a(alt_dcache_flush_all.o)
 .debug_aranges
                0x0000000000000380       0x20 ../ADCtest_bsp/\libhal_bsp.a(alt_dev.o)
 .debug_aranges
                0x00000000000003a0       0x20 ../ADCtest_bsp/\libhal_bsp.a(alt_dev_llist_insert.o)
 .debug_aranges
                0x00000000000003c0       0x18 ../ADCtest_bsp/\libhal_bsp.a(alt_errno.o)
 .debug_aranges
                0x00000000000003d8       0x38 ../ADCtest_bsp/\libhal_bsp.a(alt_exception_entry.o)
 .debug_aranges
                0x0000000000000410       0x20 ../ADCtest_bsp/\libhal_bsp.a(alt_find_dev.o)
 .debug_aranges
                0x0000000000000430       0x20 ../ADCtest_bsp/\libhal_bsp.a(alt_icache_flush_all.o)
 .debug_aranges
                0x0000000000000450       0x20 ../ADCtest_bsp/\libhal_bsp.a(alt_iic.o)
 .debug_aranges
                0x0000000000000470       0x20 ../ADCtest_bsp/\libhal_bsp.a(alt_iic_isr_register.o)
 .debug_aranges
                0x0000000000000490       0x28 ../ADCtest_bsp/\libhal_bsp.a(alt_instruction_exception_entry.o)
 .debug_aranges
                0x00000000000004b8       0x20 ../ADCtest_bsp/\libhal_bsp.a(alt_io_redirect.o)
 .debug_aranges
                0x00000000000004d8       0x20 ../ADCtest_bsp/\libhal_bsp.a(alt_open.o)
 .debug_aranges
                0x00000000000004f8       0x20 ../ADCtest_bsp/\libhal_bsp.a(alt_release_fd.o)
 .debug_aranges
                0x0000000000000518       0x20 ../ADCtest_bsp/\libhal_bsp.a(alt_tick.o)
 .debug_aranges
                0x0000000000000538       0x20 ../ADCtest_bsp/\libhal_bsp.a(altera_nios2_gen2_irq.o)
 .debug_aranges
                0x0000000000000558       0x20 ../ADCtest_bsp/\libhal_bsp.a(alt_find_file.o)
 .debug_aranges
                0x0000000000000578       0x20 ../ADCtest_bsp/\libhal_bsp.a(alt_get_fd.o)
 .debug_aranges
                0x0000000000000598       0x20 ../ADCtest_bsp/\libhal_bsp.a(alt_icache_flush.o)
 .debug_aranges
                0x00000000000005b8       0x20 c:/altera/16.0/nios2eds/bin/gnu/h-x86_64-mingw32/bin/../lib/gcc/nios2-elf/5.2.0/../../../../../H-x86_64-mingw32/nios2-elf/lib\libsmallc.a(lib_a-exit.o)
 .debug_aranges
                0x00000000000005d8       0x20 c:/altera/16.0/nios2eds/bin/gnu/h-x86_64-mingw32/bin/../lib/gcc/nios2-elf/5.2.0/../../../../../H-x86_64-mingw32/nios2-elf/lib\libsmallc.a(lib_a-memcmp.o)
 .debug_aranges
                0x00000000000005f8       0x20 c:/altera/16.0/nios2eds/bin/gnu/h-x86_64-mingw32/bin/../lib/gcc/nios2-elf/5.2.0/../../../../../H-x86_64-mingw32/nios2-elf/lib\libsmallc.a(lib_a-memcpy.o)
 .debug_aranges
                0x0000000000000618       0x20 c:/altera/16.0/nios2eds/bin/gnu/h-x86_64-mingw32/bin/../lib/gcc/nios2-elf/5.2.0/../../../../../H-x86_64-mingw32/nios2-elf/lib\libsmallc.a(lib_a-__call_atexit.o)
 .debug_aranges
                0x0000000000000638       0x20 ../ADCtest_bsp/\libhal_bsp.a(alt_exit.o)

.debug_pubnames
 *(.debug_pubnames)

.debug_info     0x0000000000000000     0x9104
 *(.debug_info .gnu.linkonce.wi.*)
 .debug_info    0x0000000000000000       0x7b ../ADCtest_bsp//obj/HAL/src/crt0.o
 .debug_info    0x000000000000007b      0x62a obj/default/main.o
 .debug_info    0x00000000000006a5      0x699 c:/altera/16.0/nios2eds/bin/gnu/h-x86_64-mingw32/bin/../lib/gcc/nios2-elf/5.2.0/../../../../../H-x86_64-mingw32/nios2-elf/lib\libsmallc.a(lib_a-printf.o)
 .debug_info    0x0000000000000d3e      0x66d c:/altera/16.0/nios2eds/bin/gnu/h-x86_64-mingw32/bin/../lib/gcc/nios2-elf/5.2.0/../../../../../H-x86_64-mingw32/nios2-elf/lib\libsmallc.a(lib_a-puts.o)
 .debug_info    0x00000000000013ab       0xc9 c:/altera/16.0/nios2eds/bin/gnu/h-x86_64-mingw32/bin/../lib/gcc/nios2-elf/5.2.0/../../../../../H-x86_64-mingw32/nios2-elf/lib\libsmallc.a(lib_a-strlen.o)
 .debug_info    0x0000000000001474      0xb2b c:/altera/16.0/nios2eds/bin/gnu/h-x86_64-mingw32/bin/../lib/gcc/nios2-elf/5.2.0/../../../../../H-x86_64-mingw32/nios2-elf/lib\libsmallc.a(lib_a-vfprintf.o)
 .debug_info    0x0000000000001f9f      0x62b c:/altera/16.0/nios2eds/bin/gnu/h-x86_64-mingw32/bin/../lib/gcc/nios2-elf/5.2.0/../../../../../H-x86_64-mingw32/nios2-elf/lib\libsmallc.a(lib_a-fvwrite_small_dev.o)
 .debug_info    0x00000000000025ca      0x5a9 c:/altera/16.0/nios2eds/bin/gnu/h-x86_64-mingw32/bin/../lib/gcc/nios2-elf/5.2.0/../../../../../H-x86_64-mingw32/nios2-elf/lib\libsmallc.a(lib_a-impure.o)
 .debug_info    0x0000000000002b73      0x630 c:/altera/16.0/nios2eds/bin/gnu/h-x86_64-mingw32/bin/../lib/gcc/nios2-elf/5.2.0/../../../../../H-x86_64-mingw32/nios2-elf/lib\libsmallc.a(lib_a-writer.o)
 .debug_info    0x00000000000031a3       0x8a c:/altera/16.0/nios2eds/bin/gnu/h-x86_64-mingw32/bin/../lib/gcc/nios2-elf/5.2.0/../../../../../H-x86_64-mingw32/nios2-elf/lib\libsmallc.a(lib_a-int_errno.o)
 .debug_info    0x000000000000322d      0x2c3 c:/altera/16.0/nios2eds/bin/gnu/h-x86_64-mingw32/bin/../lib/gcc/nios2-elf/5.2.0\libgcc.a(lib2-divmod.o)
 .debug_info    0x00000000000034f0       0x84 ../ADCtest_bsp/\libhal_bsp.a(alt_irq_entry.o)
 .debug_info    0x0000000000003574      0x187 ../ADCtest_bsp/\libhal_bsp.a(alt_irq_handler.o)
 .debug_info    0x00000000000036fb       0x88 ../ADCtest_bsp/\libhal_bsp.a(alt_irq_vars.o)
 .debug_info    0x0000000000003783      0x145 ../ADCtest_bsp/\libhal_bsp.a(alt_load.o)
 .debug_info    0x00000000000038c8      0x131 ../ADCtest_bsp/\libhal_bsp.a(alt_main.o)
 .debug_info    0x00000000000039f9      0x4b7 ../ADCtest_bsp/\libhal_bsp.a(alt_write.o)
 .debug_info    0x0000000000003eb0      0x504 ../ADCtest_bsp/\libhal_bsp.a(alt_sys_init.o)
 .debug_info    0x00000000000043b4      0x52e ../ADCtest_bsp/\libhal_bsp.a(altera_avalon_jtag_uart_fd.o)
 .debug_info    0x00000000000048e2      0x3a0 ../ADCtest_bsp/\libhal_bsp.a(altera_avalon_jtag_uart_init.o)
 .debug_info    0x0000000000004c82      0x280 ../ADCtest_bsp/\libhal_bsp.a(altera_avalon_jtag_uart_ioctl.o)
 .debug_info    0x0000000000004f02      0x345 ../ADCtest_bsp/\libhal_bsp.a(altera_avalon_jtag_uart_read.o)
 .debug_info    0x0000000000005247      0x340 ../ADCtest_bsp/\libhal_bsp.a(altera_avalon_jtag_uart_write.o)
 .debug_info    0x0000000000005587      0x36f ../ADCtest_bsp/\libhal_bsp.a(altera_up_avalon_adc.o)
 .debug_info    0x00000000000058f6      0x2cc ../ADCtest_bsp/\libhal_bsp.a(alt_alarm_start.o)
 .debug_info    0x0000000000005bc2      0x321 ../ADCtest_bsp/\libhal_bsp.a(alt_close.o)
 .debug_info    0x0000000000005ee3       0xa5 ../ADCtest_bsp/\libhal_bsp.a(alt_dcache_flush_all.o)
 .debug_info    0x0000000000005f88      0x49c ../ADCtest_bsp/\libhal_bsp.a(alt_dev.o)
 .debug_info    0x0000000000006424      0x1a9 ../ADCtest_bsp/\libhal_bsp.a(alt_dev_llist_insert.o)
 .debug_info    0x00000000000065cd       0xa6 ../ADCtest_bsp/\libhal_bsp.a(alt_errno.o)
 .debug_info    0x0000000000006673       0x8a ../ADCtest_bsp/\libhal_bsp.a(alt_exception_entry.o)
 .debug_info    0x00000000000066fd      0x2e9 ../ADCtest_bsp/\libhal_bsp.a(alt_find_dev.o)
 .debug_info    0x00000000000069e6       0x92 ../ADCtest_bsp/\libhal_bsp.a(alt_icache_flush_all.o)
 .debug_info    0x0000000000006a78      0x350 ../ADCtest_bsp/\libhal_bsp.a(alt_iic.o)
 .debug_info    0x0000000000006dc8      0x1ef ../ADCtest_bsp/\libhal_bsp.a(alt_iic_isr_register.o)
 .debug_info    0x0000000000006fb7      0x1e7 ../ADCtest_bsp/\libhal_bsp.a(alt_instruction_exception_entry.o)
 .debug_info    0x000000000000719e      0x4a5 ../ADCtest_bsp/\libhal_bsp.a(alt_io_redirect.o)
 .debug_info    0x0000000000007643      0x3bb ../ADCtest_bsp/\libhal_bsp.a(alt_open.o)
 .debug_info    0x00000000000079fe      0x2b0 ../ADCtest_bsp/\libhal_bsp.a(alt_release_fd.o)
 .debug_info    0x0000000000007cae      0x299 ../ADCtest_bsp/\libhal_bsp.a(alt_tick.o)
 .debug_info    0x0000000000007f47       0x92 ../ADCtest_bsp/\libhal_bsp.a(altera_nios2_gen2_irq.o)
 .debug_info    0x0000000000007fd9      0x2e6 ../ADCtest_bsp/\libhal_bsp.a(alt_find_file.o)
 .debug_info    0x00000000000082bf      0x310 ../ADCtest_bsp/\libhal_bsp.a(alt_get_fd.o)
 .debug_info    0x00000000000085cf       0xdc ../ADCtest_bsp/\libhal_bsp.a(alt_icache_flush.o)
 .debug_info    0x00000000000086ab       0xe5 c:/altera/16.0/nios2eds/bin/gnu/h-x86_64-mingw32/bin/../lib/gcc/nios2-elf/5.2.0/../../../../../H-x86_64-mingw32/nios2-elf/lib\libsmallc.a(lib_a-exit.o)
 .debug_info    0x0000000000008790       0xf4 c:/altera/16.0/nios2eds/bin/gnu/h-x86_64-mingw32/bin/../lib/gcc/nios2-elf/5.2.0/../../../../../H-x86_64-mingw32/nios2-elf/lib\libsmallc.a(lib_a-memcmp.o)
 .debug_info    0x0000000000008884      0x119 c:/altera/16.0/nios2eds/bin/gnu/h-x86_64-mingw32/bin/../lib/gcc/nios2-elf/5.2.0/../../../../../H-x86_64-mingw32/nios2-elf/lib\libsmallc.a(lib_a-memcpy.o)
 .debug_info    0x000000000000899d      0x67b c:/altera/16.0/nios2eds/bin/gnu/h-x86_64-mingw32/bin/../lib/gcc/nios2-elf/5.2.0/../../../../../H-x86_64-mingw32/nios2-elf/lib\libsmallc.a(lib_a-__call_atexit.o)
 .debug_info    0x0000000000009018       0xec ../ADCtest_bsp/\libhal_bsp.a(alt_exit.o)

.debug_abbrev   0x0000000000000000     0x323f
 *(.debug_abbrev)
 .debug_abbrev  0x0000000000000000       0x12 ../ADCtest_bsp//obj/HAL/src/crt0.o
 .debug_abbrev  0x0000000000000012      0x1e4 obj/default/main.o
 .debug_abbrev  0x00000000000001f6      0x1ee c:/altera/16.0/nios2eds/bin/gnu/h-x86_64-mingw32/bin/../lib/gcc/nios2-elf/5.2.0/../../../../../H-x86_64-mingw32/nios2-elf/lib\libsmallc.a(lib_a-printf.o)
 .debug_abbrev  0x00000000000003e4      0x1d6 c:/altera/16.0/nios2eds/bin/gnu/h-x86_64-mingw32/bin/../lib/gcc/nios2-elf/5.2.0/../../../../../H-x86_64-mingw32/nios2-elf/lib\libsmallc.a(lib_a-puts.o)
 .debug_abbrev  0x00000000000005ba       0x7f c:/altera/16.0/nios2eds/bin/gnu/h-x86_64-mingw32/bin/../lib/gcc/nios2-elf/5.2.0/../../../../../H-x86_64-mingw32/nios2-elf/lib\libsmallc.a(lib_a-strlen.o)
 .debug_abbrev  0x0000000000000639      0x2a1 c:/altera/16.0/nios2eds/bin/gnu/h-x86_64-mingw32/bin/../lib/gcc/nios2-elf/5.2.0/../../../../../H-x86_64-mingw32/nios2-elf/lib\libsmallc.a(lib_a-vfprintf.o)
 .debug_abbrev  0x00000000000008da      0x1bc c:/altera/16.0/nios2eds/bin/gnu/h-x86_64-mingw32/bin/../lib/gcc/nios2-elf/5.2.0/../../../../../H-x86_64-mingw32/nios2-elf/lib\libsmallc.a(lib_a-fvwrite_small_dev.o)
 .debug_abbrev  0x0000000000000a96      0x14a c:/altera/16.0/nios2eds/bin/gnu/h-x86_64-mingw32/bin/../lib/gcc/nios2-elf/5.2.0/../../../../../H-x86_64-mingw32/nios2-elf/lib\libsmallc.a(lib_a-impure.o)
 .debug_abbrev  0x0000000000000be0      0x1a6 c:/altera/16.0/nios2eds/bin/gnu/h-x86_64-mingw32/bin/../lib/gcc/nios2-elf/5.2.0/../../../../../H-x86_64-mingw32/nios2-elf/lib\libsmallc.a(lib_a-writer.o)
 .debug_abbrev  0x0000000000000d86       0x37 c:/altera/16.0/nios2eds/bin/gnu/h-x86_64-mingw32/bin/../lib/gcc/nios2-elf/5.2.0/../../../../../H-x86_64-mingw32/nios2-elf/lib\libsmallc.a(lib_a-int_errno.o)
 .debug_abbrev  0x0000000000000dbd      0x10e c:/altera/16.0/nios2eds/bin/gnu/h-x86_64-mingw32/bin/../lib/gcc/nios2-elf/5.2.0\libgcc.a(lib2-divmod.o)
 .debug_abbrev  0x0000000000000ecb       0x12 ../ADCtest_bsp/\libhal_bsp.a(alt_irq_entry.o)
 .debug_abbrev  0x0000000000000edd      0x122 ../ADCtest_bsp/\libhal_bsp.a(alt_irq_handler.o)
 .debug_abbrev  0x0000000000000fff       0x40 ../ADCtest_bsp/\libhal_bsp.a(alt_irq_vars.o)
 .debug_abbrev  0x000000000000103f       0x9f ../ADCtest_bsp/\libhal_bsp.a(alt_load.o)
 .debug_abbrev  0x00000000000010de       0xba ../ADCtest_bsp/\libhal_bsp.a(alt_main.o)
 .debug_abbrev  0x0000000000001198      0x133 ../ADCtest_bsp/\libhal_bsp.a(alt_write.o)
 .debug_abbrev  0x00000000000012cb      0x187 ../ADCtest_bsp/\libhal_bsp.a(alt_sys_init.o)
 .debug_abbrev  0x0000000000001452      0x127 ../ADCtest_bsp/\libhal_bsp.a(altera_avalon_jtag_uart_fd.o)
 .debug_abbrev  0x0000000000001579      0x19e ../ADCtest_bsp/\libhal_bsp.a(altera_avalon_jtag_uart_init.o)
 .debug_abbrev  0x0000000000001717      0x111 ../ADCtest_bsp/\libhal_bsp.a(altera_avalon_jtag_uart_ioctl.o)
 .debug_abbrev  0x0000000000001828      0x1aa ../ADCtest_bsp/\libhal_bsp.a(altera_avalon_jtag_uart_read.o)
 .debug_abbrev  0x00000000000019d2      0x1a8 ../ADCtest_bsp/\libhal_bsp.a(altera_avalon_jtag_uart_write.o)
 .debug_abbrev  0x0000000000001b7a      0x113 ../ADCtest_bsp/\libhal_bsp.a(altera_up_avalon_adc.o)
 .debug_abbrev  0x0000000000001c8d      0x162 ../ADCtest_bsp/\libhal_bsp.a(alt_alarm_start.o)
 .debug_abbrev  0x0000000000001def      0x11f ../ADCtest_bsp/\libhal_bsp.a(alt_close.o)
 .debug_abbrev  0x0000000000001f0e       0x5a ../ADCtest_bsp/\libhal_bsp.a(alt_dcache_flush_all.o)
 .debug_abbrev  0x0000000000001f68       0xd9 ../ADCtest_bsp/\libhal_bsp.a(alt_dev.o)
 .debug_abbrev  0x0000000000002041      0x114 ../ADCtest_bsp/\libhal_bsp.a(alt_dev_llist_insert.o)
 .debug_abbrev  0x0000000000002155       0x5a ../ADCtest_bsp/\libhal_bsp.a(alt_errno.o)
 .debug_abbrev  0x00000000000021af       0x12 ../ADCtest_bsp/\libhal_bsp.a(alt_exception_entry.o)
 .debug_abbrev  0x00000000000021c1       0xf0 ../ADCtest_bsp/\libhal_bsp.a(alt_find_dev.o)
 .debug_abbrev  0x00000000000022b1       0x42 ../ADCtest_bsp/\libhal_bsp.a(alt_icache_flush_all.o)
 .debug_abbrev  0x00000000000022f3      0x163 ../ADCtest_bsp/\libhal_bsp.a(alt_iic.o)
 .debug_abbrev  0x0000000000002456      0x169 ../ADCtest_bsp/\libhal_bsp.a(alt_iic_isr_register.o)
 .debug_abbrev  0x00000000000025bf       0xdc ../ADCtest_bsp/\libhal_bsp.a(alt_instruction_exception_entry.o)
 .debug_abbrev  0x000000000000269b      0x114 ../ADCtest_bsp/\libhal_bsp.a(alt_io_redirect.o)
 .debug_abbrev  0x00000000000027af      0x148 ../ADCtest_bsp/\libhal_bsp.a(alt_open.o)
 .debug_abbrev  0x00000000000028f7       0xde ../ADCtest_bsp/\libhal_bsp.a(alt_release_fd.o)
 .debug_abbrev  0x00000000000029d5      0x15a ../ADCtest_bsp/\libhal_bsp.a(alt_tick.o)
 .debug_abbrev  0x0000000000002b2f       0x42 ../ADCtest_bsp/\libhal_bsp.a(altera_nios2_gen2_irq.o)
 .debug_abbrev  0x0000000000002b71       0xf0 ../ADCtest_bsp/\libhal_bsp.a(alt_find_file.o)
 .debug_abbrev  0x0000000000002c61      0x10d ../ADCtest_bsp/\libhal_bsp.a(alt_get_fd.o)
 .debug_abbrev  0x0000000000002d6e       0x8c ../ADCtest_bsp/\libhal_bsp.a(alt_icache_flush.o)
 .debug_abbrev  0x0000000000002dfa       0x8b c:/altera/16.0/nios2eds/bin/gnu/h-x86_64-mingw32/bin/../lib/gcc/nios2-elf/5.2.0/../../../../../H-x86_64-mingw32/nios2-elf/lib\libsmallc.a(lib_a-exit.o)
 .debug_abbrev  0x0000000000002e85       0x7f c:/altera/16.0/nios2eds/bin/gnu/h-x86_64-mingw32/bin/../lib/gcc/nios2-elf/5.2.0/../../../../../H-x86_64-mingw32/nios2-elf/lib\libsmallc.a(lib_a-memcmp.o)
 .debug_abbrev  0x0000000000002f04       0x9c c:/altera/16.0/nios2eds/bin/gnu/h-x86_64-mingw32/bin/../lib/gcc/nios2-elf/5.2.0/../../../../../H-x86_64-mingw32/nios2-elf/lib\libsmallc.a(lib_a-memcpy.o)
 .debug_abbrev  0x0000000000002fa0      0x1f6 c:/altera/16.0/nios2eds/bin/gnu/h-x86_64-mingw32/bin/../lib/gcc/nios2-elf/5.2.0/../../../../../H-x86_64-mingw32/nios2-elf/lib\libsmallc.a(lib_a-__call_atexit.o)
 .debug_abbrev  0x0000000000003196       0xa9 ../ADCtest_bsp/\libhal_bsp.a(alt_exit.o)

.debug_line     0x0000000000000000     0x35ae
 *(.debug_line)
 .debug_line    0x0000000000000000       0x72 ../ADCtest_bsp//obj/HAL/src/crt0.o
 .debug_line    0x0000000000000072      0x25a obj/default/main.o
 .debug_line    0x00000000000002cc      0x200 c:/altera/16.0/nios2eds/bin/gnu/h-x86_64-mingw32/bin/../lib/gcc/nios2-elf/5.2.0/../../../../../H-x86_64-mingw32/nios2-elf/lib\libsmallc.a(lib_a-printf.o)
 .debug_line    0x00000000000004cc      0x203 c:/altera/16.0/nios2eds/bin/gnu/h-x86_64-mingw32/bin/../lib/gcc/nios2-elf/5.2.0/../../../../../H-x86_64-mingw32/nios2-elf/lib\libsmallc.a(lib_a-puts.o)
 .debug_line    0x00000000000006cf      0x159 c:/altera/16.0/nios2eds/bin/gnu/h-x86_64-mingw32/bin/../lib/gcc/nios2-elf/5.2.0/../../../../../H-x86_64-mingw32/nios2-elf/lib\libsmallc.a(lib_a-strlen.o)
 .debug_line    0x0000000000000828      0x34f c:/altera/16.0/nios2eds/bin/gnu/h-x86_64-mingw32/bin/../lib/gcc/nios2-elf/5.2.0/../../../../../H-x86_64-mingw32/nios2-elf/lib\libsmallc.a(lib_a-vfprintf.o)
 .debug_line    0x0000000000000b77      0x1ed c:/altera/16.0/nios2eds/bin/gnu/h-x86_64-mingw32/bin/../lib/gcc/nios2-elf/5.2.0/../../../../../H-x86_64-mingw32/nios2-elf/lib\libsmallc.a(lib_a-fvwrite_small_dev.o)
 .debug_line    0x0000000000000d64      0x153 c:/altera/16.0/nios2eds/bin/gnu/h-x86_64-mingw32/bin/../lib/gcc/nios2-elf/5.2.0/../../../../../H-x86_64-mingw32/nios2-elf/lib\libsmallc.a(lib_a-impure.o)
 .debug_line    0x0000000000000eb7      0x1ea c:/altera/16.0/nios2eds/bin/gnu/h-x86_64-mingw32/bin/../lib/gcc/nios2-elf/5.2.0/../../../../../H-x86_64-mingw32/nios2-elf/lib\libsmallc.a(lib_a-writer.o)
 .debug_line    0x00000000000010a1       0x5c c:/altera/16.0/nios2eds/bin/gnu/h-x86_64-mingw32/bin/../lib/gcc/nios2-elf/5.2.0/../../../../../H-x86_64-mingw32/nios2-elf/lib\libsmallc.a(lib_a-int_errno.o)
 .debug_line    0x00000000000010fd      0x102 c:/altera/16.0/nios2eds/bin/gnu/h-x86_64-mingw32/bin/../lib/gcc/nios2-elf/5.2.0\libgcc.a(lib2-divmod.o)
 .debug_line    0x00000000000011ff       0x6b ../ADCtest_bsp/\libhal_bsp.a(alt_irq_entry.o)
 .debug_line    0x000000000000126a       0xaa ../ADCtest_bsp/\libhal_bsp.a(alt_irq_handler.o)
 .debug_line    0x0000000000001314       0x50 ../ADCtest_bsp/\libhal_bsp.a(alt_irq_vars.o)
 .debug_line    0x0000000000001364       0x8e ../ADCtest_bsp/\libhal_bsp.a(alt_load.o)
 .debug_line    0x00000000000013f2       0x9e ../ADCtest_bsp/\libhal_bsp.a(alt_main.o)
 .debug_line    0x0000000000001490      0x1cc ../ADCtest_bsp/\libhal_bsp.a(alt_write.o)
 .debug_line    0x000000000000165c      0x152 ../ADCtest_bsp/\libhal_bsp.a(alt_sys_init.o)
 .debug_line    0x00000000000017ae      0x12f ../ADCtest_bsp/\libhal_bsp.a(altera_avalon_jtag_uart_fd.o)
 .debug_line    0x00000000000018dd      0x18b ../ADCtest_bsp/\libhal_bsp.a(altera_avalon_jtag_uart_init.o)
 .debug_line    0x0000000000001a68      0x131 ../ADCtest_bsp/\libhal_bsp.a(altera_avalon_jtag_uart_ioctl.o)
 .debug_line    0x0000000000001b99      0x171 ../ADCtest_bsp/\libhal_bsp.a(altera_avalon_jtag_uart_read.o)
 .debug_line    0x0000000000001d0a      0x170 ../ADCtest_bsp/\libhal_bsp.a(altera_avalon_jtag_uart_write.o)
 .debug_line    0x0000000000001e7a      0x106 ../ADCtest_bsp/\libhal_bsp.a(altera_up_avalon_adc.o)
 .debug_line    0x0000000000001f80       0xfa ../ADCtest_bsp/\libhal_bsp.a(alt_alarm_start.o)
 .debug_line    0x000000000000207a      0x15e ../ADCtest_bsp/\libhal_bsp.a(alt_close.o)
 .debug_line    0x00000000000021d8       0x61 ../ADCtest_bsp/\libhal_bsp.a(alt_dcache_flush_all.o)
 .debug_line    0x0000000000002239       0xf0 ../ADCtest_bsp/\libhal_bsp.a(alt_dev.o)
 .debug_line    0x0000000000002329       0xd0 ../ADCtest_bsp/\libhal_bsp.a(alt_dev_llist_insert.o)
 .debug_line    0x00000000000023f9       0x51 ../ADCtest_bsp/\libhal_bsp.a(alt_errno.o)
 .debug_line    0x000000000000244a       0xb3 ../ADCtest_bsp/\libhal_bsp.a(alt_exception_entry.o)
 .debug_line    0x00000000000024fd       0xb5 ../ADCtest_bsp/\libhal_bsp.a(alt_find_dev.o)
 .debug_line    0x00000000000025b2       0x50 ../ADCtest_bsp/\libhal_bsp.a(alt_icache_flush_all.o)
 .debug_line    0x0000000000002602       0xef ../ADCtest_bsp/\libhal_bsp.a(alt_iic.o)
 .debug_line    0x00000000000026f1       0xdb ../ADCtest_bsp/\libhal_bsp.a(alt_iic_isr_register.o)
 .debug_line    0x00000000000027cc       0xba ../ADCtest_bsp/\libhal_bsp.a(alt_instruction_exception_entry.o)
 .debug_line    0x0000000000002886      0x12b ../ADCtest_bsp/\libhal_bsp.a(alt_io_redirect.o)
 .debug_line    0x00000000000029b1      0x12a ../ADCtest_bsp/\libhal_bsp.a(alt_open.o)
 .debug_line    0x0000000000002adb       0xae ../ADCtest_bsp/\libhal_bsp.a(alt_release_fd.o)
 .debug_line    0x0000000000002b89       0xff ../ADCtest_bsp/\libhal_bsp.a(alt_tick.o)
 .debug_line    0x0000000000002c88       0x51 ../ADCtest_bsp/\libhal_bsp.a(altera_nios2_gen2_irq.o)
 .debug_line    0x0000000000002cd9       0xd1 ../ADCtest_bsp/\libhal_bsp.a(alt_find_file.o)
 .debug_line    0x0000000000002daa       0xd5 ../ADCtest_bsp/\libhal_bsp.a(alt_get_fd.o)
 .debug_line    0x0000000000002e7f       0x81 ../ADCtest_bsp/\libhal_bsp.a(alt_icache_flush.o)
 .debug_line    0x0000000000002f00      0x156 c:/altera/16.0/nios2eds/bin/gnu/h-x86_64-mingw32/bin/../lib/gcc/nios2-elf/5.2.0/../../../../../H-x86_64-mingw32/nios2-elf/lib\libsmallc.a(lib_a-exit.o)
 .debug_line    0x0000000000003056      0x15d c:/altera/16.0/nios2eds/bin/gnu/h-x86_64-mingw32/bin/../lib/gcc/nios2-elf/5.2.0/../../../../../H-x86_64-mingw32/nios2-elf/lib\libsmallc.a(lib_a-memcmp.o)
 .debug_line    0x00000000000031b3      0x15b c:/altera/16.0/nios2eds/bin/gnu/h-x86_64-mingw32/bin/../lib/gcc/nios2-elf/5.2.0/../../../../../H-x86_64-mingw32/nios2-elf/lib\libsmallc.a(lib_a-memcpy.o)
 .debug_line    0x000000000000330e      0x22f c:/altera/16.0/nios2eds/bin/gnu/h-x86_64-mingw32/bin/../lib/gcc/nios2-elf/5.2.0/../../../../../H-x86_64-mingw32/nios2-elf/lib\libsmallc.a(lib_a-__call_atexit.o)
 .debug_line    0x000000000000353d       0x71 ../ADCtest_bsp/\libhal_bsp.a(alt_exit.o)

.debug_frame    0x0000000000000000      0xcc0
 *(.debug_frame)
 .debug_frame   0x0000000000000000       0x74 obj/default/main.o
 .debug_frame   0x0000000000000074       0x48 c:/altera/16.0/nios2eds/bin/gnu/h-x86_64-mingw32/bin/../lib/gcc/nios2-elf/5.2.0/../../../../../H-x86_64-mingw32/nios2-elf/lib\libsmallc.a(lib_a-printf.o)
 .debug_frame   0x00000000000000bc       0x48 c:/altera/16.0/nios2eds/bin/gnu/h-x86_64-mingw32/bin/../lib/gcc/nios2-elf/5.2.0/../../../../../H-x86_64-mingw32/nios2-elf/lib\libsmallc.a(lib_a-puts.o)
 .debug_frame   0x0000000000000104       0x20 c:/altera/16.0/nios2eds/bin/gnu/h-x86_64-mingw32/bin/../lib/gcc/nios2-elf/5.2.0/../../../../../H-x86_64-mingw32/nios2-elf/lib\libsmallc.a(lib_a-strlen.o)
 .debug_frame   0x0000000000000124       0x8c c:/altera/16.0/nios2eds/bin/gnu/h-x86_64-mingw32/bin/../lib/gcc/nios2-elf/5.2.0/../../../../../H-x86_64-mingw32/nios2-elf/lib\libsmallc.a(lib_a-vfprintf.o)
 .debug_frame   0x00000000000001b0       0x58 c:/altera/16.0/nios2eds/bin/gnu/h-x86_64-mingw32/bin/../lib/gcc/nios2-elf/5.2.0/../../../../../H-x86_64-mingw32/nios2-elf/lib\libsmallc.a(lib_a-fvwrite_small_dev.o)
 .debug_frame   0x0000000000000208       0x38 c:/altera/16.0/nios2eds/bin/gnu/h-x86_64-mingw32/bin/../lib/gcc/nios2-elf/5.2.0/../../../../../H-x86_64-mingw32/nios2-elf/lib\libsmallc.a(lib_a-writer.o)
 .debug_frame   0x0000000000000240       0x50 c:/altera/16.0/nios2eds/bin/gnu/h-x86_64-mingw32/bin/../lib/gcc/nios2-elf/5.2.0\libgcc.a(lib2-divmod.o)
 .debug_frame   0x0000000000000290       0x38 ../ADCtest_bsp/\libhal_bsp.a(alt_irq_handler.o)
 .debug_frame   0x00000000000002c8       0x5c ../ADCtest_bsp/\libhal_bsp.a(alt_load.o)
 .debug_frame   0x0000000000000324       0x2c ../ADCtest_bsp/\libhal_bsp.a(alt_main.o)
 .debug_frame   0x0000000000000350       0x60 ../ADCtest_bsp/\libhal_bsp.a(alt_write.o)
 .debug_frame   0x00000000000003b0       0x88 ../ADCtest_bsp/\libhal_bsp.a(alt_sys_init.o)
 .debug_frame   0x0000000000000438       0xb0 ../ADCtest_bsp/\libhal_bsp.a(altera_avalon_jtag_uart_fd.o)
 .debug_frame   0x00000000000004e8       0xa4 ../ADCtest_bsp/\libhal_bsp.a(altera_avalon_jtag_uart_init.o)
 .debug_frame   0x000000000000058c       0x34 ../ADCtest_bsp/\libhal_bsp.a(altera_avalon_jtag_uart_ioctl.o)
 .debug_frame   0x00000000000005c0       0x38 ../ADCtest_bsp/\libhal_bsp.a(altera_avalon_jtag_uart_read.o)
 .debug_frame   0x00000000000005f8       0x38 ../ADCtest_bsp/\libhal_bsp.a(altera_avalon_jtag_uart_write.o)
 .debug_frame   0x0000000000000630       0x5c ../ADCtest_bsp/\libhal_bsp.a(altera_up_avalon_adc.o)
 .debug_frame   0x000000000000068c       0x34 ../ADCtest_bsp/\libhal_bsp.a(alt_alarm_start.o)
 .debug_frame   0x00000000000006c0       0x60 ../ADCtest_bsp/\libhal_bsp.a(alt_close.o)
 .debug_frame   0x0000000000000720       0x34 ../ADCtest_bsp/\libhal_bsp.a(alt_dcache_flush_all.o)
 .debug_frame   0x0000000000000754       0x34 ../ADCtest_bsp/\libhal_bsp.a(alt_dev.o)
 .debug_frame   0x0000000000000788       0x60 ../ADCtest_bsp/\libhal_bsp.a(alt_dev_llist_insert.o)
 .debug_frame   0x00000000000007e8       0x38 ../ADCtest_bsp/\libhal_bsp.a(alt_find_dev.o)
 .debug_frame   0x0000000000000820       0x38 ../ADCtest_bsp/\libhal_bsp.a(alt_icache_flush_all.o)
 .debug_frame   0x0000000000000858       0xa4 ../ADCtest_bsp/\libhal_bsp.a(alt_iic.o)
 .debug_frame   0x00000000000008fc       0x38 ../ADCtest_bsp/\libhal_bsp.a(alt_iic_isr_register.o)
 .debug_frame   0x0000000000000934       0x5c ../ADCtest_bsp/\libhal_bsp.a(alt_instruction_exception_entry.o)
 .debug_frame   0x0000000000000990       0x60 ../ADCtest_bsp/\libhal_bsp.a(alt_io_redirect.o)
 .debug_frame   0x00000000000009f0       0x84 ../ADCtest_bsp/\libhal_bsp.a(alt_open.o)
 .debug_frame   0x0000000000000a74       0x34 ../ADCtest_bsp/\libhal_bsp.a(alt_release_fd.o)
 .debug_frame   0x0000000000000aa8       0x5c ../ADCtest_bsp/\libhal_bsp.a(alt_tick.o)
 .debug_frame   0x0000000000000b04       0x34 ../ADCtest_bsp/\libhal_bsp.a(altera_nios2_gen2_irq.o)
 .debug_frame   0x0000000000000b38       0x38 ../ADCtest_bsp/\libhal_bsp.a(alt_find_file.o)
 .debug_frame   0x0000000000000b70       0x34 ../ADCtest_bsp/\libhal_bsp.a(alt_get_fd.o)
 .debug_frame   0x0000000000000ba4       0x34 ../ADCtest_bsp/\libhal_bsp.a(alt_icache_flush.o)
 .debug_frame   0x0000000000000bd8       0x28 c:/altera/16.0/nios2eds/bin/gnu/h-x86_64-mingw32/bin/../lib/gcc/nios2-elf/5.2.0/../../../../../H-x86_64-mingw32/nios2-elf/lib\libsmallc.a(lib_a-exit.o)
 .debug_frame   0x0000000000000c00       0x20 c:/altera/16.0/nios2eds/bin/gnu/h-x86_64-mingw32/bin/../lib/gcc/nios2-elf/5.2.0/../../../../../H-x86_64-mingw32/nios2-elf/lib\libsmallc.a(lib_a-memcmp.o)
 .debug_frame   0x0000000000000c20       0x20 c:/altera/16.0/nios2eds/bin/gnu/h-x86_64-mingw32/bin/../lib/gcc/nios2-elf/5.2.0/../../../../../H-x86_64-mingw32/nios2-elf/lib\libsmallc.a(lib_a-memcpy.o)
 .debug_frame   0x0000000000000c40       0x54 c:/altera/16.0/nios2eds/bin/gnu/h-x86_64-mingw32/bin/../lib/gcc/nios2-elf/5.2.0/../../../../../H-x86_64-mingw32/nios2-elf/lib\libsmallc.a(lib_a-__call_atexit.o)
 .debug_frame   0x0000000000000c94       0x2c ../ADCtest_bsp/\libhal_bsp.a(alt_exit.o)

.debug_str      0x0000000000000000     0x1e46
 *(.debug_str)
 .debug_str     0x0000000000000000      0x282 obj/default/main.o
                                        0x2fe (size before relaxing)
 .debug_str     0x0000000000000282      0x40f c:/altera/16.0/nios2eds/bin/gnu/h-x86_64-mingw32/bin/../lib/gcc/nios2-elf/5.2.0/../../../../../H-x86_64-mingw32/nios2-elf/lib\libsmallc.a(lib_a-printf.o)
                                        0x4ea (size before relaxing)
 .debug_str     0x0000000000000691       0x60 c:/altera/16.0/nios2eds/bin/gnu/h-x86_64-mingw32/bin/../lib/gcc/nios2-elf/5.2.0/../../../../../H-x86_64-mingw32/nios2-elf/lib\libsmallc.a(lib_a-puts.o)
                                        0x4b3 (size before relaxing)
 .debug_str     0x00000000000006f1       0xc4 c:/altera/16.0/nios2eds/bin/gnu/h-x86_64-mingw32/bin/../lib/gcc/nios2-elf/5.2.0/../../../../../H-x86_64-mingw32/nios2-elf/lib\libsmallc.a(lib_a-strlen.o)
                                        0x1cb (size before relaxing)
 .debug_str     0x00000000000007b5      0x1e9 c:/altera/16.0/nios2eds/bin/gnu/h-x86_64-mingw32/bin/../lib/gcc/nios2-elf/5.2.0/../../../../../H-x86_64-mingw32/nios2-elf/lib\libsmallc.a(lib_a-vfprintf.o)
                                        0x665 (size before relaxing)
 .debug_str     0x000000000000099e       0x60 c:/altera/16.0/nios2eds/bin/gnu/h-x86_64-mingw32/bin/../lib/gcc/nios2-elf/5.2.0/../../../../../H-x86_64-mingw32/nios2-elf/lib\libsmallc.a(lib_a-fvwrite_small_dev.o)
                                        0x4ba (size before relaxing)
 .debug_str     0x00000000000009fe       0xe1 c:/altera/16.0/nios2eds/bin/gnu/h-x86_64-mingw32/bin/../lib/gcc/nios2-elf/5.2.0/../../../../../H-x86_64-mingw32/nios2-elf/lib\libsmallc.a(lib_a-impure.o)
                                        0x4a4 (size before relaxing)
 .debug_str     0x0000000000000adf       0x42 c:/altera/16.0/nios2eds/bin/gnu/h-x86_64-mingw32/bin/../lib/gcc/nios2-elf/5.2.0/../../../../../H-x86_64-mingw32/nios2-elf/lib\libsmallc.a(lib_a-writer.o)
                                        0x49e (size before relaxing)
 .debug_str     0x0000000000000b21       0x3c c:/altera/16.0/nios2eds/bin/gnu/h-x86_64-mingw32/bin/../lib/gcc/nios2-elf/5.2.0/../../../../../H-x86_64-mingw32/nios2-elf/lib\libsmallc.a(lib_a-int_errno.o)
                                        0x1be (size before relaxing)
 .debug_str     0x0000000000000b5d      0x16d c:/altera/16.0/nios2eds/bin/gnu/h-x86_64-mingw32/bin/../lib/gcc/nios2-elf/5.2.0\libgcc.a(lib2-divmod.o)
                                        0x1b8 (size before relaxing)
 .debug_str     0x0000000000000cca       0xc6 ../ADCtest_bsp/\libhal_bsp.a(alt_irq_handler.o)
                                        0x1a0 (size before relaxing)
 .debug_str     0x0000000000000d90       0x17 ../ADCtest_bsp/\libhal_bsp.a(alt_irq_vars.o)
                                        0x143 (size before relaxing)
 .debug_str     0x0000000000000da7       0xe9 ../ADCtest_bsp/\libhal_bsp.a(alt_load.o)
                                        0x21b (size before relaxing)
 .debug_str     0x0000000000000e90       0x44 ../ADCtest_bsp/\libhal_bsp.a(alt_main.o)
                                        0x1a6 (size before relaxing)
 .debug_str     0x0000000000000ed4      0x10d ../ADCtest_bsp/\libhal_bsp.a(alt_write.o)
                                        0x301 (size before relaxing)
 .debug_str     0x0000000000000fe1      0x140 ../ADCtest_bsp/\libhal_bsp.a(alt_sys_init.o)
                                        0x376 (size before relaxing)
 .debug_str     0x0000000000001121       0xb9 ../ADCtest_bsp/\libhal_bsp.a(altera_avalon_jtag_uart_fd.o)
                                        0x3ad (size before relaxing)
 .debug_str     0x00000000000011da       0xd1 ../ADCtest_bsp/\libhal_bsp.a(altera_avalon_jtag_uart_init.o)
                                        0x341 (size before relaxing)
 .debug_str     0x00000000000012ab       0x4a ../ADCtest_bsp/\libhal_bsp.a(altera_avalon_jtag_uart_ioctl.o)
                                        0x29c (size before relaxing)
 .debug_str     0x00000000000012f5       0x48 ../ADCtest_bsp/\libhal_bsp.a(altera_avalon_jtag_uart_read.o)
                                        0x2f1 (size before relaxing)
 .debug_str     0x000000000000133d       0x4a ../ADCtest_bsp/\libhal_bsp.a(altera_avalon_jtag_uart_write.o)
                                        0x2f2 (size before relaxing)
 .debug_str     0x0000000000001387       0x4f ../ADCtest_bsp/\libhal_bsp.a(altera_up_avalon_adc.o)
                                        0x25d (size before relaxing)
 .debug_str     0x00000000000013d6       0x59 ../ADCtest_bsp/\libhal_bsp.a(alt_alarm_start.o)
                                        0x287 (size before relaxing)
 .debug_str     0x000000000000142f       0x1b ../ADCtest_bsp/\libhal_bsp.a(alt_close.o)
                                        0x214 (size before relaxing)
 .debug_str     0x000000000000144a       0x34 ../ADCtest_bsp/\libhal_bsp.a(alt_dcache_flush_all.o)
                                        0x15e (size before relaxing)
 .debug_str     0x000000000000147e       0x50 ../ADCtest_bsp/\libhal_bsp.a(alt_dev.o)
                                        0x30e (size before relaxing)
 .debug_str     0x00000000000014ce       0x34 ../ADCtest_bsp/\libhal_bsp.a(alt_dev_llist_insert.o)
                                        0x1d5 (size before relaxing)
 .debug_str     0x0000000000001502       0x14 ../ADCtest_bsp/\libhal_bsp.a(alt_errno.o)
                                        0x14e (size before relaxing)
 .debug_str     0x0000000000001516       0x24 ../ADCtest_bsp/\libhal_bsp.a(alt_find_dev.o)
                                        0x1f5 (size before relaxing)
 .debug_str     0x000000000000153a       0x34 ../ADCtest_bsp/\libhal_bsp.a(alt_icache_flush_all.o)
                                        0x15e (size before relaxing)
 .debug_str     0x000000000000156e       0x70 ../ADCtest_bsp/\libhal_bsp.a(alt_iic.o)
                                        0x247 (size before relaxing)
 .debug_str     0x00000000000015de       0x34 ../ADCtest_bsp/\libhal_bsp.a(alt_iic_isr_register.o)
                                        0x1f1 (size before relaxing)
 .debug_str     0x0000000000001612      0x48b ../ADCtest_bsp/\libhal_bsp.a(alt_instruction_exception_entry.o)
                                        0x5a9 (size before relaxing)
 .debug_str     0x0000000000001a9d       0x56 ../ADCtest_bsp/\libhal_bsp.a(alt_io_redirect.o)
                                        0x31f (size before relaxing)
 .debug_str     0x0000000000001af3       0x2f ../ADCtest_bsp/\libhal_bsp.a(alt_open.o)
                                        0x254 (size before relaxing)
 .debug_str     0x0000000000001b22       0x28 ../ADCtest_bsp/\libhal_bsp.a(alt_release_fd.o)
                                        0x1dc (size before relaxing)
 .debug_str     0x0000000000001b4a       0x4a ../ADCtest_bsp/\libhal_bsp.a(alt_tick.o)
                                        0x25b (size before relaxing)
 .debug_str     0x0000000000001b94       0x3b ../ADCtest_bsp/\libhal_bsp.a(altera_nios2_gen2_irq.o)
                                        0x165 (size before relaxing)
 .debug_str     0x0000000000001bcf       0x26 ../ADCtest_bsp/\libhal_bsp.a(alt_find_file.o)
                                        0x203 (size before relaxing)
 .debug_str     0x0000000000001bf5       0x30 ../ADCtest_bsp/\libhal_bsp.a(alt_get_fd.o)
                                        0x225 (size before relaxing)
 .debug_str     0x0000000000001c25       0x2c ../ADCtest_bsp/\libhal_bsp.a(alt_icache_flush.o)
                                        0x164 (size before relaxing)
 .debug_str     0x0000000000001c51       0xd3 c:/altera/16.0/nios2eds/bin/gnu/h-x86_64-mingw32/bin/../lib/gcc/nios2-elf/5.2.0/../../../../../H-x86_64-mingw32/nios2-elf/lib\libsmallc.a(lib_a-exit.o)
                                        0x1d6 (size before relaxing)
 .debug_str     0x0000000000001d24       0x41 c:/altera/16.0/nios2eds/bin/gnu/h-x86_64-mingw32/bin/../lib/gcc/nios2-elf/5.2.0/../../../../../H-x86_64-mingw32/nios2-elf/lib\libsmallc.a(lib_a-memcmp.o)
                                        0x1c5 (size before relaxing)
 .debug_str     0x0000000000001d65       0x55 c:/altera/16.0/nios2eds/bin/gnu/h-x86_64-mingw32/bin/../lib/gcc/nios2-elf/5.2.0/../../../../../H-x86_64-mingw32/nios2-elf/lib\libsmallc.a(lib_a-memcpy.o)
                                        0x1d9 (size before relaxing)
 .debug_str     0x0000000000001dba       0x62 c:/altera/16.0/nios2eds/bin/gnu/h-x86_64-mingw32/bin/../lib/gcc/nios2-elf/5.2.0/../../../../../H-x86_64-mingw32/nios2-elf/lib\libsmallc.a(lib_a-__call_atexit.o)
                                        0x4d1 (size before relaxing)
 .debug_str     0x0000000000001e1c       0x2a ../ADCtest_bsp/\libhal_bsp.a(alt_exit.o)
                                        0x15a (size before relaxing)

.debug_loc      0x0000000000000000     0x141d
 *(.debug_loc)
 .debug_loc     0x0000000000000000       0xc6 c:/altera/16.0/nios2eds/bin/gnu/h-x86_64-mingw32/bin/../lib/gcc/nios2-elf/5.2.0/../../../../../H-x86_64-mingw32/nios2-elf/lib\libsmallc.a(lib_a-printf.o)
 .debug_loc     0x00000000000000c6       0x97 c:/altera/16.0/nios2eds/bin/gnu/h-x86_64-mingw32/bin/../lib/gcc/nios2-elf/5.2.0/../../../../../H-x86_64-mingw32/nios2-elf/lib\libsmallc.a(lib_a-puts.o)
 .debug_loc     0x000000000000015d       0x1e c:/altera/16.0/nios2eds/bin/gnu/h-x86_64-mingw32/bin/../lib/gcc/nios2-elf/5.2.0/../../../../../H-x86_64-mingw32/nios2-elf/lib\libsmallc.a(lib_a-strlen.o)
 .debug_loc     0x000000000000017b      0x901 c:/altera/16.0/nios2eds/bin/gnu/h-x86_64-mingw32/bin/../lib/gcc/nios2-elf/5.2.0/../../../../../H-x86_64-mingw32/nios2-elf/lib\libsmallc.a(lib_a-vfprintf.o)
 .debug_loc     0x0000000000000a7c      0x110 c:/altera/16.0/nios2eds/bin/gnu/h-x86_64-mingw32/bin/../lib/gcc/nios2-elf/5.2.0/../../../../../H-x86_64-mingw32/nios2-elf/lib\libsmallc.a(lib_a-fvwrite_small_dev.o)
 .debug_loc     0x0000000000000b8c       0xa5 c:/altera/16.0/nios2eds/bin/gnu/h-x86_64-mingw32/bin/../lib/gcc/nios2-elf/5.2.0/../../../../../H-x86_64-mingw32/nios2-elf/lib\libsmallc.a(lib_a-writer.o)
 .debug_loc     0x0000000000000c31      0x4ae c:/altera/16.0/nios2eds/bin/gnu/h-x86_64-mingw32/bin/../lib/gcc/nios2-elf/5.2.0\libgcc.a(lib2-divmod.o)
 .debug_loc     0x00000000000010df       0x1e c:/altera/16.0/nios2eds/bin/gnu/h-x86_64-mingw32/bin/../lib/gcc/nios2-elf/5.2.0/../../../../../H-x86_64-mingw32/nios2-elf/lib\libsmallc.a(lib_a-exit.o)
 .debug_loc     0x00000000000010fd       0x94 c:/altera/16.0/nios2eds/bin/gnu/h-x86_64-mingw32/bin/../lib/gcc/nios2-elf/5.2.0/../../../../../H-x86_64-mingw32/nios2-elf/lib\libsmallc.a(lib_a-memcmp.o)
 .debug_loc     0x0000000000001191      0x135 c:/altera/16.0/nios2eds/bin/gnu/h-x86_64-mingw32/bin/../lib/gcc/nios2-elf/5.2.0/../../../../../H-x86_64-mingw32/nios2-elf/lib\libsmallc.a(lib_a-memcpy.o)
 .debug_loc     0x00000000000012c6      0x157 c:/altera/16.0/nios2eds/bin/gnu/h-x86_64-mingw32/bin/../lib/gcc/nios2-elf/5.2.0/../../../../../H-x86_64-mingw32/nios2-elf/lib\libsmallc.a(lib_a-__call_atexit.o)

.debug_macinfo
 *(.debug_macinfo)

.debug_weaknames
 *(.debug_weaknames)

.debug_funcnames
 *(.debug_funcnames)

.debug_typenames
 *(.debug_typenames)

.debug_varnames
 *(.debug_varnames)

.debug_alt_sim_info
                0x0000000000000000       0x30
 *(.debug_alt_sim_info)
 .debug_alt_sim_info
                0x0000000000000000       0x30 ../ADCtest_bsp//obj/HAL/src/crt0.o
                0x00000000000ce200                __alt_data_end = 0xce200
                0x00000000000ce200                PROVIDE (__alt_stack_pointer, __alt_data_end)
                [!provide]                        PROVIDE (__alt_stack_limit, __alt_stack_base)
                [!provide]                        PROVIDE (__alt_heap_start, end)
                [!provide]                        PROVIDE (__alt_heap_limit, 0xce200)
OUTPUT(ADCtest.elf elf32-littlenios2)

.debug_ranges   0x0000000000000000      0x2e0
 .debug_ranges  0x0000000000000000       0x20 ../ADCtest_bsp//obj/HAL/src/crt0.o
 .debug_ranges  0x0000000000000020       0x18 c:/altera/16.0/nios2eds/bin/gnu/h-x86_64-mingw32/bin/../lib/gcc/nios2-elf/5.2.0/../../../../../H-x86_64-mingw32/nios2-elf/lib\libsmallc.a(lib_a-printf.o)
 .debug_ranges  0x0000000000000038       0x18 c:/altera/16.0/nios2eds/bin/gnu/h-x86_64-mingw32/bin/../lib/gcc/nios2-elf/5.2.0/../../../../../H-x86_64-mingw32/nios2-elf/lib\libsmallc.a(lib_a-puts.o)
 .debug_ranges  0x0000000000000050       0x10 c:/altera/16.0/nios2eds/bin/gnu/h-x86_64-mingw32/bin/../lib/gcc/nios2-elf/5.2.0/../../../../../H-x86_64-mingw32/nios2-elf/lib\libsmallc.a(lib_a-strlen.o)
 .debug_ranges  0x0000000000000060       0xc8 c:/altera/16.0/nios2eds/bin/gnu/h-x86_64-mingw32/bin/../lib/gcc/nios2-elf/5.2.0/../../../../../H-x86_64-mingw32/nios2-elf/lib\libsmallc.a(lib_a-vfprintf.o)
 .debug_ranges  0x0000000000000128       0x28 c:/altera/16.0/nios2eds/bin/gnu/h-x86_64-mingw32/bin/../lib/gcc/nios2-elf/5.2.0/../../../../../H-x86_64-mingw32/nios2-elf/lib\libsmallc.a(lib_a-fvwrite_small_dev.o)
 .debug_ranges  0x0000000000000150       0x10 c:/altera/16.0/nios2eds/bin/gnu/h-x86_64-mingw32/bin/../lib/gcc/nios2-elf/5.2.0/../../../../../H-x86_64-mingw32/nios2-elf/lib\libsmallc.a(lib_a-writer.o)
 .debug_ranges  0x0000000000000160       0x60 c:/altera/16.0/nios2eds/bin/gnu/h-x86_64-mingw32/bin/../lib/gcc/nios2-elf/5.2.0\libgcc.a(lib2-divmod.o)
 .debug_ranges  0x00000000000001c0       0x28 ../ADCtest_bsp/\libhal_bsp.a(alt_irq_entry.o)
 .debug_ranges  0x00000000000001e8       0x10 ../ADCtest_bsp/\libhal_bsp.a(alt_irq_handler.o)
 .debug_ranges  0x00000000000001f8       0x30 ../ADCtest_bsp/\libhal_bsp.a(altera_avalon_jtag_uart_init.o)
 .debug_ranges  0x0000000000000228       0x18 ../ADCtest_bsp/\libhal_bsp.a(altera_avalon_jtag_uart_read.o)
 .debug_ranges  0x0000000000000240       0x30 ../ADCtest_bsp/\libhal_bsp.a(alt_exception_entry.o)
 .debug_ranges  0x0000000000000270       0x18 ../ADCtest_bsp/\libhal_bsp.a(alt_instruction_exception_entry.o)
 .debug_ranges  0x0000000000000288       0x10 c:/altera/16.0/nios2eds/bin/gnu/h-x86_64-mingw32/bin/../lib/gcc/nios2-elf/5.2.0/../../../../../H-x86_64-mingw32/nios2-elf/lib\libsmallc.a(lib_a-exit.o)
 .debug_ranges  0x0000000000000298       0x10 c:/altera/16.0/nios2eds/bin/gnu/h-x86_64-mingw32/bin/../lib/gcc/nios2-elf/5.2.0/../../../../../H-x86_64-mingw32/nios2-elf/lib\libsmallc.a(lib_a-memcmp.o)
 .debug_ranges  0x00000000000002a8       0x10 c:/altera/16.0/nios2eds/bin/gnu/h-x86_64-mingw32/bin/../lib/gcc/nios2-elf/5.2.0/../../../../../H-x86_64-mingw32/nios2-elf/lib\libsmallc.a(lib_a-memcpy.o)
 .debug_ranges  0x00000000000002b8       0x28 c:/altera/16.0/nios2eds/bin/gnu/h-x86_64-mingw32/bin/../lib/gcc/nios2-elf/5.2.0/../../../../../H-x86_64-mingw32/nios2-elf/lib\libsmallc.a(lib_a-__call_atexit.o)
